$ /Users/pierregentine/legoESM/.venv/bin/python scripts/run_ocean_realistic.py --resolution 8 --levels 10 --dt 1800.0 --days 10.0 --test all --output results/ocean_regression/runs/ocean_realistic_C8_L10 --runtime-checks
/Users/pierregentine/.matplotlib is not a writable directory
Matplotlib created a temporary cache directory at /var/folders/s5/tl9gjtt171j2qmsz9xfyq3xc0000gn/T/matplotlib-wusp84sh because there was an issue with the default path (/Users/pierregentine/.matplotlib); it is highly recommended to set the MPLCONFIGDIR environment variable to a writable directory, in particular to speed up the import of Matplotlib and to better support multiprocessing.
Matplotlib is building the font cache; this may take a moment.
======================================================================
legoESM — Realistic Ocean Experiments
======================================================================
  Backend:      cpu
  Devices:      1
  Float dtype:  float32

Creating C8 cubed-sphere grid...
  Grid created in 1.2s
  Resolution: ~1251 km
  Total cells: 384

Creating ocean z-star coordinate (10 levels)...
  Surface dz: 52.4 m
  Bottom dz:  1047.6 m
  Total depth: 5500 m

  Physics parameters:
    Mean dx: 2310 km
    Horizontal viscosity A_h: 1.11e+07 m^2/s
    Horizontal diffusivity K_h: 1.11e+06 m^2/s
    Vertical viscosity A_v: 1.00e-02 m^2/s
    Vertical diffusivity K_v: 1.00e-03 m^2/s
    Hyperdiffusion: 1.58e+16
    Barotropic substeps: 30
    Barotropic wave speed: 232 m/s

  Integration: 10.0 days (480 steps, dt=1800s)

======================================================================
TEST 1: Stommel Wind-Driven Double Gyre
======================================================================
  Wind: tau_x = -0.1 * cos(pi*(lat-15.0)/60)
  Band: 15.0N to 75.0N
  SST: 15 degC (uniform, barotropic test)
  Warming up JIT... done (2.1s)

   Step      Day    SSH_min    SSH_max    |v|_max   SST_mean            KE    wall
--------------------------------------------------------------------------------
      9      0.2     -0.001      0.002     0.0271    15.0000    1.7383e+12     0.0
     18      0.4     -0.001      0.003     0.0473    15.0000    4.0176e+12     0.0
     27      0.6     -0.001      0.003     0.0586    15.0000    4.6530e+12     0.0
     36      0.8     -0.002      0.004     0.0606    15.0000    5.0384e+12     0.0
     45      0.9     -0.002      0.004     0.0549    15.0000    3.8714e+12     0.0
     54      1.1     -0.002      0.004     0.0452    15.0000    2.4488e+12     0.0
     63      1.3     -0.002      0.004     0.0515    15.0000    4.0681e+12     0.0
     72      1.5     -0.002      0.004     0.0508    15.0000    4.5024e+12     0.0
     81      1.7     -0.002      0.004     0.0606    15.0000    3.8374e+12     0.0
     90      1.9     -0.002      0.004     0.0762    15.0000    6.2695e+12     0.0
     99      2.1     -0.002      0.004     0.0911    15.0000    6.6809e+12     0.0
    108      2.2     -0.002      0.004     0.1077    15.0000    7.0458e+12     0.0
    117      2.4     -0.002      0.004     0.1305    15.0000    1.1267e+13     0.0
    126      2.6     -0.002      0.004     0.1526    15.0000    1.2046e+13     0.0
    135      2.8     -0.002      0.004     0.1795    15.0000    1.5262e+13     0.0
    144      3.0     -0.002      0.004     0.2131    15.0000    2.2842e+13     0.0
    153      3.2     -0.002      0.004     0.2477    15.0000    2.5744e+13     0.0
    162      3.4     -0.002      0.004     0.2910    15.0000    3.6338e+13     0.0
    171      3.6     -0.002      0.004     0.3419    15.0000    5.1351e+13     0.0
    180      3.8     -0.002      0.004     0.3976    15.0000    6.2825e+13     0.0
    189      3.9     -0.002      0.004     0.4667    15.0000    9.1851e+13     0.0
    198      4.1     -0.002      0.004     0.5464    15.0000    1.2538e+14     0.0
    207      4.3     -0.002      0.004     0.6369    15.0000    1.6417e+14     0.0
    216      4.5     -0.002      0.004     0.7477    15.0000    2.3915e+14     0.0
    225      4.7     -0.002      0.004     0.8744    15.0000    3.2389e+14     0.0
    234      4.9     -0.002      0.004     1.0224    15.0000    4.4328e+14     0.0
    243      5.1     -0.002      0.004     1.2003    15.0000    6.3670e+14     0.0
    252      5.2     -0.002      0.004     1.4038    15.0000    8.6836e+14     0.0
    261      5.4     -0.002      0.004     1.6465    15.0000    1.2165e+15     0.0
    270      5.6     -0.002      0.004     1.9320    15.0000    1.7277e+15     0.0
    279      5.8     -0.002      0.004     2.2649    15.0000    2.3852e+15     0.0
    288      6.0     -0.002      0.005     2.6588    15.0000    3.3755e+15     0.0
    297      6.2     -0.002      0.005     3.1218    15.0000    4.7682e+15     0.0
    306      6.4     -0.002      0.005     3.6664    15.0000    6.6594e+15     0.0
    315      6.6     -0.002      0.008     4.3030    15.0000    9.4610e+15     0.0
    324      6.8     -0.004      0.007     5.0672    15.0000    1.3361e+16     0.0
    333      6.9     -0.006      0.010     5.9456    15.0000    1.8838e+16     0.0
    342      7.1     -0.010      0.015     7.0080    15.0000    2.6822e+16     0.0
    351      7.3     -0.015      0.016     8.2419    15.0000    3.8009e+16     0.0
    360      7.5     -0.021      0.022     9.6956    15.0000    5.4008e+16     0.0
    369      7.7     -0.032      0.032    11.4465    15.0000    7.7147e+16     0.0
    378      7.9     -0.047      0.041    13.4205    15.0000    1.0998e+17     0.0
    387      8.1     -0.066      0.061    15.9216    15.0000    1.5743e+17     0.0
    396      8.2     -0.092      0.084    18.6970    15.0000    2.2617e+17     0.0
    405      8.4     -0.146      0.117    22.1856    15.0000    3.2512e+17     0.0
    414      8.6     -0.187      0.172    26.2074    15.0000    4.6977e+17     0.0
    423      8.8     -0.294      0.232    30.9614    15.0000    6.8125e+17     0.0
    432      9.0     -0.429      0.319    36.9548    15.0000    9.9154e+17     0.0
    441      9.2     -0.569      0.516    43.2610    15.0000    1.4528e+18     0.0
    450      9.4     -0.926      0.720    52.5191    15.0000    2.1414e+18     0.0
    459      9.6     -1.267      0.986    61.8664    15.0000    3.1827e+18     0.0
    468      9.8     -1.892      1.646    75.4648    15.0000    4.7773e+18     0.0
    477      9.9     -2.853      2.323    91.0244    15.0000    7.2674e+18     0.0
    480     10.0     -3.401      2.566    96.9618    15.0000    8.3844e+18     0.0

  Completed in 0.5s (1042 steps/s)

======================================================================
TEST 2: Baroclinic Adjustment (Thermal Front)
======================================================================
  Front latitude: 30.0N (width 15.0 deg)
  South T: 20.0 degC, North T: 10.0 degC (depth-uniform)
  Density difference: ~2.19 kg/m^3
  Warming up JIT... done (1.9s)

   Step      Day    SSH_min    SSH_max    |v|_max   SST_mean            KE    wall
--------------------------------------------------------------------------------
      9      0.2     -3.469      1.316     0.5015    17.4268    1.7437e+16     0.0
     18      0.4     -4.559      1.851     0.7039    17.4298    3.5440e+16     0.0
     27      0.6     -4.052      1.909     0.7385    17.4316    3.7561e+16     0.0
     36      0.8     -3.517      1.727     0.6338    17.4313    2.6930e+16     0.0
     45      0.9     -3.357      1.960     0.4508    17.4307    1.5670e+16     0.0
     54      1.1     -3.406      2.056     0.3679    17.4312    1.4276e+16     0.0
     63      1.3     -3.655      2.105     0.5072    17.4326    1.8248e+16     0.0
     72      1.5     -3.685      2.146     0.5049    17.4334    1.8667e+16     0.0
     81      1.7     -3.602      2.182     0.4978    17.4339    1.5841e+16     0.0
     90      1.9     -3.564      2.199     0.4616    17.4345    1.4741e+16     0.0
     99      2.1     -3.559      2.207     0.4305    17.4353    1.5438e+16     0.0
    108      2.2     -3.559      2.212     0.4307    17.4359    1.5284e+16     0.0
    117      2.4     -3.554      2.214     0.4341    17.4365    1.4626e+16     0.0
    126      2.6     -3.545      2.215     0.4286    17.4372    1.4921e+16     0.0
    135      2.8     -3.535      2.215     0.4281    17.4379    1.5430e+16     0.0
    144      3.0     -3.524      2.213     0.4330    17.4385    1.5085e+16     0.0
    153      3.2     -3.515      2.211     0.4301    17.4390    1.4412e+16     0.0
    162      3.4     -3.506      2.209     0.4191    17.4396    1.4241e+16     0.0
    171      3.6     -3.497      2.206     0.4121    17.4402    1.4611e+16     0.0
    180      3.8     -3.488      2.204     0.4140    17.4409    1.5020e+16     0.0
    189      3.9     -3.479      2.201     0.4174    17.4415    1.4999e+16     0.0
    198      4.1     -3.470      2.198     0.4143    17.4420    1.4760e+16     0.0
    207      4.3     -3.461      2.195     0.4070    17.4425    1.4864e+16     0.0
    216      4.5     -3.452      2.193     0.4027    17.4432    1.5283e+16     0.0
    225      4.7     -3.443      2.190     0.4026    17.4437    1.5639e+16     0.0
    234      4.9     -3.434      2.187     0.4017    17.4442    1.5958e+16     0.0
    243      5.1     -3.425      2.184     0.4197    17.4448    1.6582e+16     0.0
    252      5.2     -3.416      2.181     0.4970    17.4454    1.7572e+16     0.0
    261      5.4     -3.408      2.178     0.5719    17.4459    1.8844e+16     0.0
    270      5.6     -3.398      2.176     0.6965    17.4464    2.0687e+16     0.0
    279      5.8     -3.389      2.173     0.8181    17.4470    2.3362e+16     0.0
    288      6.0     -3.382      2.170     0.9630    17.4476    2.7140e+16     0.0
    297      6.2     -3.376      2.167     1.1635    17.4481    3.2683e+16     0.0
    306      6.4     -3.368      2.165     1.3689    17.4486    4.0484e+16     0.0
    315      6.6     -3.360      2.162     1.6317    17.4491    5.1660e+16     0.0
    324      6.8     -3.365      2.159     1.9590    17.4497    6.8037e+16     0.0
    333      6.9     -3.360      2.156     2.3157    17.4503    9.1094e+16     0.0
    342      7.1     -3.334      2.154     2.7766    17.4508    1.2422e+17     0.0
    351      7.3     -3.355      2.151     3.3327    17.4513    1.7214e+17     0.0
    360      7.5     -3.370      2.148     3.9520    17.4518    2.3985e+17     0.0
    369      7.7     -3.339      2.146     4.7422    17.4524    3.3718e+17     0.0
    378      7.9     -3.320      2.144     5.6863    17.4529    4.7675e+17     0.0
    387      8.1     -3.404      2.141     6.7472    17.4534    6.7454e+17     0.0
    396      8.2     -3.445      2.139     8.1107    17.4540    9.5816e+17     0.0
    405      8.4     -3.584      2.137     9.7071    17.4545    1.3626e+18     0.0
    414      8.6     -3.761      2.137    11.5070    17.4549    1.9363e+18     0.0
    423      8.8     -4.032      2.133    13.8850    17.4555    2.7558e+18     0.0
    432      9.0     -4.569      2.129    16.5461    17.4560    3.9181e+18     0.0
    441      9.2     -4.940      2.139    19.7197    17.4565    5.5648e+18     0.0
    450      9.4     -6.041      2.132    23.7974    17.4572    7.9002e+18     0.0
    459      9.6     -7.052      2.120    28.3809    17.4576    1.1192e+19     0.0
    468      9.8     -8.971      2.156    33.8559    17.4579    1.5826e+19     0.0
    477      9.9    -11.438      2.145    40.7380    17.4586    2.2326e+19     0.0
    480     10.0    -12.586      2.138    42.9882    17.4589    2.5025e+19     0.0

  Completed in 0.3s (1452 steps/s)

======================================================================
TEST 3: Equatorial Kelvin Wave
======================================================================
  Perturbation: 0.5 m SSH at (240E, 0N)
  Gaussian width: sigma_lon=15deg, sigma_lat=5deg
  Barotropic wave speed: 232 m/s
  Equatorial crossing time: 1.0 days
  SST: 15 degC (uniform, barotropic test)
  Warming up JIT... done (1.9s)

   Step      Day    SSH_min    SSH_max    |v|_max   SST_mean            KE    wall
--------------------------------------------------------------------------------
      9      0.2     -0.000      0.025     0.0010    15.0000    1.8320e+11     0.0
     18      0.4      0.000      0.018     0.0007    15.0000    8.0366e+10     0.0
     27      0.6      0.002      0.015     0.0004    15.0000    2.4106e+10     0.0
     36      0.8      0.003      0.011     0.0003    15.0000    1.4030e+10     0.0
     45      0.9      0.004      0.009     0.0002    15.0000    6.7541e+09     0.0
     54      1.1      0.004      0.008     0.0001    15.0000    2.3931e+09     0.0
     63      1.3      0.004      0.007     0.0001    15.0000    1.2439e+09     0.0
     72      1.5      0.005      0.007     0.0001    15.0000    6.1540e+08     0.0
     81      1.7      0.005      0.006     0.0000    15.0000    4.6867e+08     0.0
     90      1.9      0.005      0.006     0.0000    15.0000    2.9328e+08     0.0
     99      2.1      0.005      0.006     0.0001    15.0000    2.1436e+08     0.0
    108      2.2      0.005      0.006     0.0001    15.0000    1.8479e+08     0.0
    117      2.4      0.005      0.006     0.0001    15.0000    1.9360e+08     0.0
    126      2.6      0.005      0.006     0.0001    15.0000    2.2785e+08     0.0
    135      2.8      0.006      0.006     0.0001    15.0000    2.7639e+08     0.0
    144      3.0      0.006      0.006     0.0001    15.0000    3.4690e+08     0.0
    153      3.2      0.006      0.006     0.0001    15.0000    4.4732e+08     0.0
    162      3.4      0.006      0.006     0.0001    15.0000    5.9031e+08     0.0
    171      3.6      0.006      0.006     0.0002    15.0000    7.9350e+08     0.0
    180      3.8      0.006      0.006     0.0002    15.0000    1.0819e+09     0.0
    189      3.9      0.006      0.006     0.0002    15.0000    1.4913e+09     0.0
    198      4.1      0.006      0.006     0.0003    15.0000    2.0733e+09     0.0
    207      4.3      0.006      0.006     0.0003    15.0000    2.9014e+09     0.0
    216      4.5      0.006      0.006     0.0004    15.0000    4.0810e+09     0.0
    225      4.7      0.006      0.006     0.0004    15.0000    5.7628e+09     0.0
    234      4.9      0.006      0.006     0.0005    15.0000    8.1629e+09     0.0
    243      5.1      0.006      0.006     0.0006    15.0000    1.1591e+10     0.0
    252      5.2      0.006      0.006     0.0007    15.0000    1.6493e+10     0.0
    261      5.4      0.006      0.006     0.0009    15.0000    2.3507e+10     0.0
    270      5.6      0.006      0.006     0.0010    15.0000    3.3552e+10     0.0
    279      5.8      0.006      0.006     0.0012    15.0000    4.7942e+10     0.0
    288      6.0      0.006      0.006     0.0015    15.0000    6.8566e+10     0.0
    297      6.2      0.006      0.006     0.0017    15.0000    9.8126e+10     0.0
    306      6.4      0.006      0.006     0.0021    15.0000    1.4050e+11     0.0
    315      6.6      0.006      0.006     0.0025    15.0000    2.0123e+11     0.0
    324      6.8      0.006      0.006     0.0030    15.0000    2.8828e+11     0.0
    333      6.9      0.006      0.006     0.0035    15.0000    4.1303e+11     0.0
    342      7.1      0.006      0.006     0.0042    15.0000    5.9178e+11     0.0
    351      7.3      0.006      0.006     0.0050    15.0000    8.4790e+11     0.0
    360      7.5      0.006      0.006     0.0060    15.0000    1.2148e+12     0.0
    369      7.7      0.006      0.006     0.0072    15.0000    1.7405e+12     0.0
    378      7.9      0.006      0.006     0.0086    15.0000    2.4935e+12     0.0
    387      8.1      0.006      0.006     0.0103    15.0000    3.5722e+12     0.0
    396      8.2      0.006      0.006     0.0123    15.0000    5.1173e+12     0.0
    405      8.4      0.006      0.006     0.0147    15.0000    7.3305e+12     0.0
    414      8.6      0.006      0.006     0.0176    15.0000    1.0500e+13     0.0
    423      8.8      0.006      0.006     0.0211    15.0000    1.5041e+13     0.0
    432      9.0      0.006      0.006     0.0253    15.0000    2.1544e+13     0.0
    441      9.2      0.006      0.006     0.0302    15.0000    3.0859e+13     0.0
    450      9.4      0.006      0.006     0.0362    15.0000    4.4201e+13     0.0
    459      9.6      0.006      0.006     0.0433    15.0000    6.3310e+13     0.0
    468      9.8      0.006      0.006     0.0519    15.0000    9.0680e+13     0.0
    477      9.9      0.006      0.006     0.0621    15.0000    1.2988e+14     0.0
    480     10.0      0.006      0.006     0.0659    15.0000    1.4640e+14     0.0

  Completed in 0.3s (1456 steps/s)


======================================================================
SUMMARY
======================================================================
  Resolution:  C8 x 10L (384 columns)
  Duration:    10.0 days (480 steps, dt=1800s)
  Physics:     A_h=1e+07, K_h=1e+06, A_v=1e-02, K_v=1e-03
  Runtime checks: True

  --- stommel_gyre ---
    SSH range:        [-3.4013, 2.5661] m
    Max current:      96.9618 m/s
    SST range:        [15.00, 15.00] degC
    Mean SST:         15.0000 degC
    Kinetic energy:   8.3844e+18
    Heat drift rel:   -1.04e-06
    Salt drift rel:   -1.61e-06
    Mean eta drift:   9.78e-08 m
    All finite:       True
    Land cells zero:  True

  --- baroclinic_adjustment ---
    SSH range:        [-12.5860, 2.1381] m
    Max current:      42.9882 m/s
    SST range:        [10.03, 20.03] degC
    Mean SST:         17.4589 degC
    Kinetic energy:   2.5025e+19
    Heat drift rel:   -3.58e-07
    Salt drift rel:   -2.06e-06
    Mean eta drift:   1.15e-06 m
    All finite:       True
    Land cells zero:  True

  --- kelvin_wave ---
    SSH range:        [0.0056, 0.0056] m
    Max current:      0.0659 m/s
    SST range:        [15.00, 15.00] degC
    Mean SST:         15.0000 degC
    Kinetic energy:   1.4640e+14
    Heat drift rel:   -9.38e-07
    Salt drift rel:   -8.04e-07
    Mean eta drift:   4.67e-08 m
    All finite:       True
    Land cells zero:  True

  Output: results/ocean_regression/runs/ocean_realistic_C8_L10/
    stommel_gyre/
    baroclinic_adjustment/
    kelvin_wave/
======================================================================
