$ /Users/pierregentine/legoESM/.venv/bin/python scripts/run_ocean_realistic.py --resolution 4 --levels 4 --dt 1800.0 --days 0.05 --test all --output results/_smoke_ocean_regression_partial/runs/ocean_realistic_C4_L4 --runtime-checks
/Users/pierregentine/.matplotlib is not a writable directory
Matplotlib created a temporary cache directory at /var/folders/s5/tl9gjtt171j2qmsz9xfyq3xc0000gn/T/matplotlib-9xrjjdlp because there was an issue with the default path (/Users/pierregentine/.matplotlib); it is highly recommended to set the MPLCONFIGDIR environment variable to a writable directory, in particular to speed up the import of Matplotlib and to better support multiprocessing.
Matplotlib is building the font cache; this may take a moment.
======================================================================
legoESM — Realistic Ocean Experiments
======================================================================
  Backend:      cpu
  Devices:      1
  Float dtype:  float32

Creating C4 cubed-sphere grid...
  Grid created in 1.1s
  Resolution: ~2502 km
  Total cells: 96

Creating ocean z-star coordinate (4 levels)...
  Surface dz: 131.0 m
  Bottom dz:  2619.0 m
  Total depth: 5500 m

  Physics parameters:
    Mean dx: 4599 km
    Horizontal viscosity A_h: 3.12e+07 m^2/s
    Horizontal diffusivity K_h: 3.12e+06 m^2/s
    Vertical viscosity A_v: 1.00e-02 m^2/s
    Vertical diffusivity K_v: 1.00e-03 m^2/s
    Hyperdiffusion: 2.49e+17
    Barotropic substeps: 30
    Barotropic wave speed: 232 m/s

  Integration: 0.05 days (2 steps, dt=1800s)

======================================================================
TEST 1: Stommel Wind-Driven Double Gyre
======================================================================
  Wind: tau_x = -0.1 * cos(pi*(lat-15.0)/60)
  Band: 15.0N to 75.0N
  SST: 15 degC (uniform, barotropic test)
  Warming up JIT... done (1.9s)

   Step      Day    SSH_min    SSH_max    |v|_max   SST_mean            KE    wall
--------------------------------------------------------------------------------
      1      0.0     -0.000      0.000     0.0014    15.0000    8.1964e+09     0.0
      2      0.0     -0.000      0.000     0.0027    15.0000    3.2365e+10     0.0

  Completed in 0.0s (113 steps/s)

======================================================================
TEST 2: Baroclinic Adjustment (Thermal Front)
======================================================================
  Front latitude: 30.0N (width 15.0 deg)
  South T: 20.0 degC, North T: 10.0 degC (depth-uniform)
  Density difference: ~2.19 kg/m^3
  Warming up JIT... done (1.7s)

   Step      Day    SSH_min    SSH_max    |v|_max   SST_mean            KE    wall
--------------------------------------------------------------------------------
      1      0.0     -0.056      0.032     0.0369    17.3800    2.2589e+14     0.0
      2      0.0     -0.143      0.083     0.0694    17.3801    8.1909e+14     0.0

  Completed in 0.0s (781 steps/s)

======================================================================
TEST 3: Equatorial Kelvin Wave
======================================================================
  Perturbation: 0.5 m SSH at (240E, 0N)
  Gaussian width: sigma_lon=15deg, sigma_lat=5deg
  Barotropic wave speed: 232 m/s
  Equatorial crossing time: 1.0 days
  SST: 15 degC (uniform, barotropic test)
  Warming up JIT... done (1.7s)

   Step      Day    SSH_min    SSH_max    |v|_max   SST_mean            KE    wall
--------------------------------------------------------------------------------
      1      0.0     -0.000      0.043     0.0002    15.0000    3.5866e+09     0.0
      2      0.0     -0.000      0.027     0.0002    15.0000    5.3929e+09     0.0

  Completed in 0.0s (808 steps/s)


======================================================================
SUMMARY
======================================================================
  Resolution:  C4 x 4L (96 columns)
  Duration:    0.05 days (2 steps, dt=1800s)
  Physics:     A_h=3e+07, K_h=3e+06, A_v=1e-02, K_v=1e-03
  Runtime checks: True

  --- stommel_gyre ---
    SSH range:        [-0.0001, 0.0001] m
    Max current:      0.0027 m/s
    SST range:        [15.00, 15.00] degC
    Mean SST:         15.0000 degC
    Kinetic energy:   3.2365e+10
    Heat drift rel:   0.00e+00
    Salt drift rel:   0.00e+00
    Mean eta drift:   -1.20e-13 m
    All finite:       True
    Land cells zero:  True

  --- baroclinic_adjustment ---
    SSH range:        [-0.1434, 0.0825] m
    Max current:      0.0694 m/s
    SST range:        [10.00, 20.00] degC
    Mean SST:         17.3801 degC
    Kinetic energy:   8.1909e+14
    Heat drift rel:   -8.91e-08
    Salt drift rel:   -8.87e-08
    Mean eta drift:   -5.09e-10 m
    All finite:       True
    Land cells zero:  True

  --- kelvin_wave ---
    SSH range:        [-0.0000, 0.0266] m
    Max current:      0.0002 m/s
    SST range:        [15.00, 15.00] degC
    Mean SST:         15.0000 degC
    Kinetic energy:   5.3929e+09
    Heat drift rel:   1.04e-07
    Salt drift rel:   0.00e+00
    Mean eta drift:   2.55e-10 m
    All finite:       True
    Land cells zero:  True

  Output: results/_smoke_ocean_regression_partial/runs/ocean_realistic_C4_L4/
    stommel_gyre/
    baroclinic_adjustment/
    kelvin_wave/
======================================================================
