$ /Users/pierregentine/legoESM/.venv/bin/python scripts/run_ocean_realistic.py --resolution 8 --levels 10 --dt 1800.0 --days 2.0 --test all --output results/_smoke_ocean_regression_realistic_corr8/runs/ocean_realistic_C8_L10
/Users/pierregentine/.matplotlib is not a writable directory
Matplotlib created a temporary cache directory at /var/folders/s5/tl9gjtt171j2qmsz9xfyq3xc0000gn/T/matplotlib-chty1vmx because there was an issue with the default path (/Users/pierregentine/.matplotlib); it is highly recommended to set the MPLCONFIGDIR environment variable to a writable directory, in particular to speed up the import of Matplotlib and to better support multiprocessing.
Matplotlib is building the font cache; this may take a moment.
======================================================================
legoESM — Realistic Ocean Experiments
======================================================================
  Backend:      cpu
  Devices:      1
  Float dtype:  float32

Creating C8 cubed-sphere grid...
  Grid created in 1.5s
  Resolution: ~1251 km
  Total cells: 384

Creating ocean z-star coordinate (10 levels)...
  Surface dz: 52.4 m
  Bottom dz:  1047.6 m
  Total depth: 5500 m

  Physics parameters:
    Mean dx: 2310 km
    Horizontal viscosity A_h: 1.11e+07 m^2/s
    Horizontal diffusivity K_h: 1.11e+06 m^2/s
    Vertical viscosity A_v: 1.00e-02 m^2/s
    Vertical diffusivity K_v: 1.00e-03 m^2/s
    Hyperdiffusion: 1.58e+16
    Barotropic substeps: 30
    Barotropic wave speed: 232 m/s

  Integration: 2.0 days (96 steps, dt=1800s)

======================================================================
TEST 1: Stommel Wind-Driven Double Gyre
======================================================================
  Wind: tau_x = -0.1 * cos(pi*(lat-15.0)/60)
  Band: 15.0N to 75.0N
  SST: 15 degC (uniform, barotropic test)
  Warming up JIT... done (2.8s)

   Step      Day    SSH_min    SSH_max    |v|_max   SST_mean            KE    wall
--------------------------------------------------------------------------------
      1      0.0     -0.000      0.000     0.0033    15.0000    2.6374e+10     0.0
      2      0.0     -0.000      0.000     0.0067    15.0000    1.0433e+11     0.0
      3      0.1     -0.000      0.000     0.0099    15.0000    2.3125e+11     0.0
      4      0.1     -0.001      0.001     0.0131    15.0000    4.0331e+11     0.0
      5      0.1     -0.001      0.001     0.0161    15.0000    6.1560e+11     0.1
      6      0.1     -0.001      0.001     0.0188    15.0000    8.6222e+11     0.0
      7      0.1     -0.001      0.001     0.0216    15.0000    1.1364e+12     0.0
      8      0.2     -0.001      0.002     0.0244    15.0000    1.4310e+12     0.0
      9      0.2     -0.001      0.002     0.0271    15.0000    1.7383e+12     0.0
     10      0.2     -0.001      0.002     0.0297    15.0000    2.0508e+12     0.0
     11      0.2     -0.001      0.002     0.0322    15.0000    2.3610e+12     0.0
     12      0.2     -0.001      0.002     0.0347    15.0000    2.6622e+12     0.0
     13      0.3     -0.001      0.002     0.0370    15.0000    2.9482e+12     0.0
     14      0.3     -0.001      0.002     0.0393    15.0000    3.2140e+12     0.0
     15      0.3     -0.001      0.002     0.0414    15.0000    3.4558e+12     0.0
     16      0.3     -0.001      0.003     0.0435    15.0000    3.6710e+12     0.0
     17      0.4     -0.001      0.003     0.0454    15.0000    3.8582e+12     0.0
     18      0.4     -0.001      0.003     0.0473    15.0000    4.0176e+12     0.0
     19      0.4     -0.001      0.003     0.0490    15.0000    4.1504e+12     0.0
     20      0.4     -0.001      0.003     0.0506    15.0000    4.2589e+12     0.0
     21      0.4     -0.001      0.003     0.0521    15.0000    4.3465e+12     0.0
     22      0.5     -0.001      0.003     0.0535    15.0000    4.4168e+12     0.0
     23      0.5     -0.001      0.003     0.0547    15.0000    4.4742e+12     0.0
     24      0.5     -0.001      0.003     0.0559    15.0000    4.5228e+12     0.0
     25      0.5     -0.001      0.003     0.0569    15.0000    4.5666e+12     0.0
     26      0.5     -0.001      0.003     0.0578    15.0000    4.6091e+12     0.0
     27      0.6     -0.001      0.003     0.0586    15.0000    4.6530e+12     0.0
     28      0.6     -0.001      0.004     0.0593    15.0000    4.7001e+12     0.0
     29      0.6     -0.001      0.004     0.0599    15.0000    4.7508e+12     0.0
     30      0.6     -0.001      0.004     0.0603    15.0000    4.8048e+12     0.0
     31      0.6     -0.001      0.004     0.0606    15.0000    4.8603e+12     0.0
     32      0.7     -0.001      0.004     0.0609    15.0000    4.9146e+12     0.0
     33      0.7     -0.001      0.004     0.0610    15.0000    4.9640e+12     0.0
     34      0.7     -0.002      0.004     0.0610    15.0000    5.0042e+12     0.0
     35      0.7     -0.002      0.004     0.0609    15.0000    5.0306e+12     0.0
     36      0.8     -0.002      0.004     0.0606    15.0000    5.0384e+12     0.0
     37      0.8     -0.002      0.004     0.0603    15.0000    5.0232e+12     0.0
     38      0.8     -0.002      0.004     0.0599    15.0000    4.9812e+12     0.0
     39      0.8     -0.002      0.004     0.0594    15.0000    4.9094e+12     0.0
     40      0.8     -0.002      0.004     0.0589    15.0000    4.8063e+12     0.0
     41      0.9     -0.002      0.004     0.0582    15.0000    4.6716e+12     0.0
     42      0.9     -0.002      0.004     0.0575    15.0000    4.5069e+12     0.0
     43      0.9     -0.002      0.004     0.0567    15.0000    4.3152e+12     0.0
     44      0.9     -0.002      0.004     0.0558    15.0000    4.1013e+12     0.0
     45      0.9     -0.002      0.004     0.0549    15.0000    3.8714e+12     0.0
     46      1.0     -0.002      0.004     0.0539    15.0000    3.6330e+12     0.0
     47      1.0     -0.002      0.004     0.0529    15.0000    3.3948e+12     0.0
     48      1.0     -0.002      0.004     0.0519    15.0000    3.1656e+12     0.0
     49      1.0     -0.002      0.004     0.0508    15.0000    2.9548e+12     0.0
     50      1.0     -0.002      0.004     0.0497    15.0000    2.7711e+12     0.0
     51      1.1     -0.002      0.004     0.0486    15.0000    2.6227e+12     0.0
     52      1.1     -0.002      0.004     0.0474    15.0000    2.5165e+12     0.0
     53      1.1     -0.002      0.004     0.0463    15.0000    2.4574e+12     0.0
     54      1.1     -0.002      0.004     0.0452    15.0000    2.4488e+12     0.0
     55      1.1     -0.002      0.004     0.0441    15.0000    2.4914e+12     0.0
     56      1.2     -0.002      0.004     0.0431    15.0000    2.5839e+12     0.0
     57      1.2     -0.002      0.004     0.0421    15.0000    2.7225e+12     0.0
     58      1.2     -0.002      0.004     0.0411    15.0000    2.9011e+12     0.0
     59      1.2     -0.002      0.004     0.0414    15.0000    3.1117e+12     0.0
     60      1.2     -0.002      0.004     0.0445    15.0000    3.3447e+12     0.0
     61      1.3     -0.002      0.004     0.0473    15.0000    3.5894e+12     0.0
     62      1.3     -0.002      0.004     0.0497    15.0000    3.8343e+12     0.0
     63      1.3     -0.002      0.004     0.0515    15.0000    4.0681e+12     0.0
     64      1.3     -0.002      0.004     0.0528    15.0000    4.2801e+12     0.0
     65      1.4     -0.002      0.004     0.0536    15.0000    4.4607e+12     0.0
     66      1.4     -0.002      0.004     0.0537    15.0000    4.6021e+12     0.0
     67      1.4     -0.002      0.004     0.0533    15.0000    4.6987e+12     0.0
     68      1.4     -0.002      0.004     0.0524    15.0000    4.7476e+12     0.0
     69      1.4     -0.002      0.004     0.0510    15.0000    4.7484e+12     0.0
     70      1.5     -0.002      0.004     0.0491    15.0000    4.7039e+12     0.0
     71      1.5     -0.002      0.004     0.0498    15.0000    4.6193e+12     0.0
     72      1.5     -0.002      0.004     0.0508    15.0000    4.5024e+12     0.0
     73      1.5     -0.002      0.004     0.0517    15.0000    4.3632e+12     0.0
     74      1.5     -0.002      0.004     0.0527    15.0000    4.2131e+12     0.0
     75      1.6     -0.002      0.004     0.0536    15.0000    4.0645e+12     0.0
     76      1.6     -0.002      0.004     0.0546    15.0000    3.9301e+12     0.0
     77      1.6     -0.002      0.004     0.0556    15.0000    3.8219e+12     0.0
     78      1.6     -0.002      0.004     0.0567    15.0000    3.7508e+12     0.0
     79      1.6     -0.002      0.004     0.0579    15.0000    3.7257e+12     0.0
     80      1.7     -0.002      0.004     0.0592    15.0000    3.7534e+12     0.0
     81      1.7     -0.002      0.004     0.0606    15.0000    3.8374e+12     0.0
     82      1.7     -0.002      0.004     0.0621    15.0000    3.9782e+12     0.0
     83      1.7     -0.002      0.004     0.0637    15.0000    4.1731e+12     0.0
     84      1.8     -0.002      0.004     0.0653    15.0000    4.4162e+12     0.0
     85      1.8     -0.002      0.004     0.0671    15.0000    4.6989e+12     0.0
     86      1.8     -0.002      0.004     0.0689    15.0000    5.0100e+12     0.0
     87      1.8     -0.002      0.004     0.0707    15.0000    5.3365e+12     0.0
     88      1.8     -0.002      0.004     0.0725    15.0000    5.6646e+12     0.0
     89      1.9     -0.002      0.004     0.0744    15.0000    5.9801e+12     0.0
     90      1.9     -0.002      0.004     0.0762    15.0000    6.2695e+12     0.0
     91      1.9     -0.002      0.004     0.0781    15.0000    6.5209e+12     0.0
     92      1.9     -0.002      0.004     0.0798    15.0000    6.7243e+12     0.0
     93      1.9     -0.002      0.004     0.0816    15.0000    6.8731e+12     0.0
     94      2.0     -0.002      0.004     0.0832    15.0000    6.9638e+12     0.0
     95      2.0     -0.002      0.004     0.0849    15.0000    6.9965e+12     0.0
     96      2.0     -0.002      0.004     0.0865    15.0000    6.9754e+12     0.0

  Completed in 0.3s (280 steps/s)

======================================================================
TEST 2: Baroclinic Adjustment (Thermal Front)
======================================================================
  Front latitude: 30.0N (width 15.0 deg)
  South T: 20.0 degC, North T: 10.0 degC (depth-uniform)
  Density difference: ~2.19 kg/m^3
  Warming up JIT... done (5.6s)

   Step      Day    SSH_min    SSH_max    |v|_max   SST_mean            KE    wall
--------------------------------------------------------------------------------
      1      0.0     -0.198      0.127     0.0779    17.4256    4.2365e+14     0.0
      2      0.0     -0.519      0.302     0.1475    17.4257    1.5277e+15     0.0
      3      0.1     -0.921      0.480     0.2110    17.4257    3.1283e+15     0.0
      4      0.1     -1.368      0.644     0.2694    17.4258    5.0936e+15     0.0
      5      0.1     -1.830      0.783     0.3235    17.4260    7.3221e+15     0.0
      6      0.1     -2.286      0.932     0.3735    17.4262    9.7328e+15     0.0
      7      0.1     -2.718      1.086     0.4198    17.4264    1.2259e+16     0.0
      8      0.2     -3.115      1.214     0.4624    17.4266    1.4844e+16     0.0
      9      0.2     -3.469      1.316     0.5015    17.4268    1.7437e+16     0.0
     10      0.2     -3.776      1.391     0.5370    17.4271    1.9993e+16     0.0
     11      0.2     -4.033      1.440     0.5689    17.4274    2.2473e+16     0.0
     12      0.2     -4.240      1.522     0.5972    17.4278    2.4843e+16     0.0
     13      0.3     -4.398      1.583     0.6218    17.4281    2.7072e+16     0.0
     14      0.3     -4.510      1.624     0.6427    17.4284    2.9137e+16     0.0
     15      0.3     -4.578      1.694     0.6598    17.4288    3.1017e+16     0.0
     16      0.3     -4.606      1.753     0.6732    17.4291    3.2700e+16     0.0
     17      0.4     -4.598      1.794     0.6869    17.4295    3.4176e+16     0.0
     18      0.4     -4.559      1.851     0.7039    17.4298    3.5440e+16     0.0
     19      0.4     -4.537      1.931     0.7182    17.4301    3.6490e+16     0.0
     20      0.4     -4.512      1.995     0.7298    17.4304    3.7326e+16     0.0
     21      0.4     -4.500      2.035     0.7387    17.4306    3.7952e+16     0.0
     22      0.5     -4.466      2.050     0.7449    17.4308    3.8371e+16     0.0
     23      0.5     -4.409      2.041     0.7485    17.4311    3.8589e+16     0.0
     24      0.5     -4.335      2.025     0.7496    17.4313    3.8610e+16     0.0
     25      0.5     -4.247      2.007     0.7482    17.4314    3.8441e+16     0.0
     26      0.5     -4.151      1.968     0.7445    17.4315    3.8089e+16     0.0
     27      0.6     -4.052      1.909     0.7385    17.4316    3.7561e+16     0.0
     28      0.6     -3.952      1.870     0.7304    17.4316    3.6867e+16     0.0
     29      0.6     -3.855      1.853     0.7202    17.4317    3.6016e+16     0.0
     30      0.6     -3.765      1.826     0.7083    17.4317    3.5020e+16     0.0
     31      0.6     -3.682      1.790     0.6998    17.4317    3.3894e+16     0.0
     32      0.7     -3.634      1.752     0.6896    17.4316    3.2652e+16     0.0
     33      0.7     -3.597      1.718     0.6778    17.4315    3.1314e+16     0.0
     34      0.7     -3.567      1.684     0.6645    17.4315    2.9900e+16     0.0
     35      0.7     -3.541      1.703     0.6498    17.4314    2.8431e+16     0.0
     36      0.8     -3.517      1.727     0.6338    17.4313    2.6930e+16     0.0
     37      0.8     -3.496      1.759     0.6166    17.4312    2.5422e+16     0.0
     38      0.8     -3.477      1.790     0.5982    17.4311    2.3931e+16     0.0
     39      0.8     -3.460      1.820     0.5789    17.4310    2.2478e+16     0.0
     40      0.8     -3.443      1.848     0.5587    17.4309    2.1087e+16     0.0
     41      0.9     -3.425      1.875     0.5377    17.4308    1.9778e+16     0.0
     42      0.9     -3.407      1.900     0.5163    17.4308    1.8567e+16     0.0
     43      0.9     -3.389      1.922     0.4945    17.4307    1.7472e+16     0.0
     44      0.9     -3.372      1.942     0.4726    17.4306    1.6503e+16     0.0
     45      0.9     -3.357      1.960     0.4508    17.4307    1.5670e+16     0.0
     46      1.0     -3.354      1.976     0.4294    17.4307    1.4979e+16     0.0
     47      1.0     -3.358      1.991     0.4196    17.4307    1.4433e+16     0.0
     48      1.0     -3.362      2.003     0.4102    17.4307    1.4031e+16     0.0
     49      1.0     -3.368      2.014     0.4006    17.4307    1.3770e+16     0.0
     50      1.0     -3.373      2.024     0.3907    17.4308    1.3643e+16     0.0
     51      1.1     -3.380      2.033     0.3806    17.4309    1.3643e+16     0.0
     52      1.1     -3.387      2.041     0.3703    17.4310    1.3757e+16     0.0
     53      1.1     -3.394      2.049     0.3601    17.4311    1.3973e+16     0.0
     54      1.1     -3.406      2.056     0.3679    17.4312    1.4276e+16     0.0
     55      1.1     -3.432      2.062     0.3869    17.4314    1.4650e+16     0.0
     56      1.2     -3.461      2.069     0.4098    17.4315    1.5078e+16     0.0
     57      1.2     -3.491      2.074     0.4303    17.4317    1.5545e+16     0.0
     58      1.2     -3.521      2.080     0.4482    17.4318    1.6032e+16     0.0
     59      1.2     -3.551      2.085     0.4634    17.4320    1.6523e+16     0.0
     60      1.2     -3.580      2.091     0.4759    17.4321    1.7004e+16     0.0
     61      1.3     -3.608      2.096     0.4891    17.4322    1.7459e+16     0.0
     62      1.3     -3.633      2.100     0.4996    17.4323    1.7878e+16     0.0
     63      1.3     -3.655      2.105     0.5072    17.4326    1.8248e+16     0.0
     64      1.3     -3.673      2.110     0.5121    17.4327    1.8561e+16     0.0
     65      1.4     -3.688      2.114     0.5142    17.4328    1.8811e+16     0.0
     66      1.4     -3.699      2.119     0.5137    17.4329    1.8993e+16     0.0
     67      1.4     -3.706      2.123     0.5104    17.4330    1.9104e+16     0.0
     68      1.4     -3.708      2.128     0.5047    17.4331    1.9145e+16     0.0
     69      1.4     -3.707      2.132     0.4967    17.4332    1.9118e+16     0.0
     70      1.5     -3.703      2.137     0.4987    17.4333    1.9025e+16     0.0
     71      1.5     -3.695      2.142     0.5017    17.4334    1.8873e+16     0.0
     72      1.5     -3.685      2.146     0.5049    17.4334    1.8667e+16     0.0
     73      1.5     -3.672      2.151     0.5065    17.4335    1.8415e+16     0.0
     74      1.5     -3.658      2.155     0.5066    17.4335    1.8127e+16     0.0
     75      1.6     -3.642      2.160     0.5056    17.4336    1.7811e+16     0.0
     76      1.6     -3.628      2.164     0.5062    17.4337    1.7477e+16     0.0
     77      1.6     -3.624      2.168     0.5056    17.4337    1.7133e+16     0.0
     78      1.6     -3.619      2.172     0.5039    17.4337    1.6790e+16     0.0
     79      1.6     -3.614      2.176     0.5012    17.4338    1.6455e+16     0.0
     80      1.7     -3.608      2.179     0.4992    17.4338    1.6137e+16     0.0
     81      1.7     -3.602      2.182     0.4978    17.4339    1.5841e+16     0.0
     82      1.7     -3.596      2.185     0.4957    17.4340    1.5574e+16     0.0
     83      1.7     -3.591      2.188     0.4928    17.4340    1.5341e+16     0.0
     84      1.8     -3.585      2.190     0.4894    17.4341    1.5144e+16     0.0
     85      1.8     -3.581      2.192     0.4854    17.4341    1.4985e+16     0.0
     86      1.8     -3.576      2.194     0.4810    17.4342    1.4865e+16     0.0
     87      1.8     -3.572      2.196     0.4763    17.4343    1.4782e+16     0.0
     88      1.8     -3.569      2.197     0.4715    17.4344    1.4736e+16     0.0
     89      1.9     -3.566      2.198     0.4665    17.4344    1.4724e+16     0.0
     90      1.9     -3.564      2.199     0.4616    17.4345    1.4741e+16     0.0
     91      1.9     -3.562      2.200     0.4568    17.4345    1.4784e+16     0.0
     92      1.9     -3.561      2.201     0.4521    17.4346    1.4848e+16     0.0
     93      1.9     -3.560      2.202     0.4478    17.4348    1.4926e+16     0.0
     94      2.0     -3.559      2.203     0.4438    17.4348    1.5015e+16     0.0
     95      2.0     -3.559      2.203     0.4402    17.4349    1.5109e+16     0.0
     96      2.0     -3.559      2.204     0.4370    17.4350    1.5203e+16     0.0

  Completed in 0.8s (119 steps/s)

======================================================================
TEST 3: Equatorial Kelvin Wave
======================================================================
  Perturbation: 0.5 m SSH at (240E, 0N)
  Gaussian width: sigma_lon=15deg, sigma_lat=5deg
  Barotropic wave speed: 232 m/s
  Equatorial crossing time: 1.0 days
  SST: 15 degC (uniform, barotropic test)
  Warming up JIT... done (4.3s)

   Step      Day    SSH_min    SSH_max    |v|_max   SST_mean            KE    wall
--------------------------------------------------------------------------------
      1      0.0      0.000      0.195     0.0016    15.0000    1.1637e+11     0.0
      2      0.0      0.000      0.128     0.0020    15.0000    2.1703e+11     0.0
      3      0.1     -0.000      0.086     0.0020    15.0000    2.6357e+11     0.0
      4      0.1     -0.000      0.058     0.0017    15.0000    2.7575e+11     0.0
      5      0.1     -0.000      0.040     0.0015    15.0000    2.6746e+11     0.0
      6      0.1     -0.000      0.032     0.0013    15.0000    2.4832e+11     0.0
      7      0.1     -0.000      0.029     0.0012    15.0000    2.2524e+11     0.0
      8      0.2     -0.000      0.028     0.0011    15.0000    2.0279e+11     0.0
      9      0.2     -0.000      0.025     0.0010    15.0000    1.8320e+11     0.0
     10      0.2     -0.000      0.022     0.0009    15.0000    1.6704e+11     0.0
     11      0.2     -0.000      0.019     0.0009    15.0000    1.5373e+11     0.0
     12      0.2     -0.000      0.019     0.0008    15.0000    1.4229e+11     0.0
     13      0.3     -0.000      0.019     0.0008    15.0000    1.3178e+11     0.0
     14      0.3     -0.000      0.019     0.0007    15.0000    1.2152e+11     0.0
     15      0.3      0.000      0.019     0.0007    15.0000    1.1118e+11     0.0
     16      0.3      0.000      0.019     0.0007    15.0000    1.0076e+11     0.0
     17      0.4      0.000      0.019     0.0007    15.0000    9.0401e+10     0.0
     18      0.4      0.000      0.018     0.0007    15.0000    8.0366e+10     0.0
     19      0.4     -0.000      0.018     0.0006    15.0000    7.0896e+10     0.0
     20      0.4      0.000      0.018     0.0006    15.0000    6.2172e+10     0.0
     21      0.4      0.000      0.017     0.0006    15.0000    5.4289e+10     0.0
     22      0.5      0.001      0.017     0.0005    15.0000    4.7285e+10     0.0
     23      0.5      0.002      0.016     0.0005    15.0000    4.1126e+10     0.0
     24      0.5      0.002      0.016     0.0005    15.0000    3.5772e+10     0.0
     25      0.5      0.002      0.015     0.0004    15.0000    3.1175e+10     0.0
     26      0.5      0.002      0.015     0.0004    15.0000    2.7301e+10     0.0
     27      0.6      0.002      0.015     0.0004    15.0000    2.4106e+10     0.0
     28      0.6      0.002      0.014     0.0004    15.0000    2.1544e+10     0.0
     29      0.6      0.002      0.014     0.0003    15.0000    1.9555e+10     0.0
     30      0.6      0.002      0.013     0.0003    15.0000    1.8064e+10     0.0
     31      0.6      0.002      0.013     0.0003    15.0000    1.6975e+10     0.0
     32      0.7      0.002      0.012     0.0003    15.0000    1.6181e+10     0.0
     33      0.7      0.002      0.012     0.0003    15.0000    1.5577e+10     0.0
     34      0.7      0.003      0.011     0.0003    15.0000    1.5065e+10     0.0
     35      0.7      0.003      0.011     0.0003    15.0000    1.4568e+10     0.0
     36      0.8      0.003      0.011     0.0003    15.0000    1.4030e+10     0.0
     37      0.8      0.003      0.010     0.0003    15.0000    1.3419e+10     0.0
     38      0.8      0.003      0.010     0.0003    15.0000    1.2724e+10     0.0
     39      0.8      0.004      0.010     0.0003    15.0000    1.1950e+10     0.0
     40      0.8      0.004      0.010     0.0003    15.0000    1.1114e+10     0.0
     41      0.9      0.004      0.009     0.0002    15.0000    1.0237e+10     0.0
     42      0.9      0.004      0.009     0.0002    15.0000    9.3416e+09     0.0
     43      0.9      0.004      0.009     0.0002    15.0000    8.4504e+09     0.0
     44      0.9      0.004      0.009     0.0002    15.0000    7.5822e+09     0.0
     45      0.9      0.004      0.009     0.0002    15.0000    6.7541e+09     0.0
     46      1.0      0.004      0.009     0.0002    15.0000    5.9791e+09     0.0
     47      1.0      0.004      0.009     0.0002    15.0000    5.2690e+09     0.0
     48      1.0      0.004      0.009     0.0002    15.0000    4.6321e+09     0.0
     49      1.0      0.004      0.009     0.0002    15.0000    4.0734e+09     0.0
     50      1.0      0.004      0.009     0.0002    15.0000    3.5951e+09     0.0
     51      1.1      0.004      0.009     0.0001    15.0000    3.1953e+09     0.0
     52      1.1      0.004      0.009     0.0001    15.0000    2.8681e+09     0.0
     53      1.1      0.004      0.008     0.0001    15.0000    2.6043e+09     0.0
     54      1.1      0.004      0.008     0.0001    15.0000    2.3931e+09     0.0
     55      1.1      0.004      0.008     0.0001    15.0000    2.2229e+09     0.0
     56      1.2      0.004      0.008     0.0001    15.0000    2.0809e+09     0.0
     57      1.2      0.004      0.008     0.0001    15.0000    1.9557e+09     0.0
     58      1.2      0.004      0.008     0.0001    15.0000    1.8381e+09     0.0
     59      1.2      0.004      0.008     0.0001    15.0000    1.7217e+09     0.0
     60      1.2      0.004      0.008     0.0001    15.0000    1.6037e+09     0.0
     61      1.3      0.004      0.008     0.0001    15.0000    1.4836e+09     0.0
     62      1.3      0.005      0.007     0.0001    15.0000    1.3626e+09     0.0
     63      1.3      0.004      0.007     0.0001    15.0000    1.2439e+09     0.0
     64      1.3      0.004      0.007     0.0001    15.0000    1.1304e+09     0.0
     65      1.4      0.004      0.007     0.0001    15.0000    1.0254e+09     0.0
     66      1.4      0.004      0.007     0.0001    15.0000    9.3093e+08     0.0
     67      1.4      0.004      0.007     0.0001    15.0000    8.4895e+08     0.0
     68      1.4      0.005      0.007     0.0001    15.0000    7.7994e+08     0.0
     69      1.4      0.005      0.007     0.0001    15.0000    7.2345e+08     0.0
     70      1.5      0.005      0.007     0.0001    15.0000    6.7820e+08     0.0
     71      1.5      0.005      0.007     0.0001    15.0000    6.4280e+08     0.0
     72      1.5      0.005      0.007     0.0001    15.0000    6.1540e+08     0.0
     73      1.5      0.005      0.007     0.0001    15.0000    5.9403e+08     0.0
     74      1.5      0.005      0.007     0.0001    15.0000    5.7685e+08     0.0
     75      1.6      0.005      0.007     0.0001    15.0000    5.6227e+08     0.0
     76      1.6      0.005      0.007     0.0001    15.0000    5.4812e+08     0.0
     77      1.6      0.005      0.007     0.0001    15.0000    5.3410e+08     0.0
     78      1.6      0.005      0.006     0.0000    15.0000    5.1949e+08     0.0
     79      1.6      0.005      0.006     0.0000    15.0000    5.0385e+08     0.0
     80      1.7      0.005      0.006     0.0000    15.0000    4.8692e+08     0.0
     81      1.7      0.005      0.006     0.0000    15.0000    4.6867e+08     0.0
     82      1.7      0.005      0.006     0.0000    15.0000    4.4922e+08     0.0
     83      1.7      0.005      0.006     0.0000    15.0000    4.2885e+08     0.0
     84      1.8      0.005      0.006     0.0000    15.0000    4.0789e+08     0.0
     85      1.8      0.005      0.006     0.0000    15.0000    3.8680e+08     0.0
     86      1.8      0.005      0.006     0.0000    15.0000    3.6599e+08     0.0
     87      1.8      0.005      0.006     0.0000    15.0000    3.4589e+08     0.0
     88      1.8      0.005      0.006     0.0000    15.0000    3.2689e+08     0.0
     89      1.9      0.005      0.006     0.0000    15.0000    3.0928e+08     0.0
     90      1.9      0.005      0.006     0.0000    15.0000    2.9328e+08     0.0
     91      1.9      0.005      0.006     0.0000    15.0000    2.7896e+08     0.0
     92      1.9      0.005      0.006     0.0000    15.0000    2.6637e+08     0.0
     93      1.9      0.005      0.006     0.0000    15.0000    2.5543e+08     0.0
     94      2.0      0.005      0.006     0.0001    15.0000    2.4600e+08     0.0
     95      2.0      0.005      0.006     0.0001    15.0000    2.3789e+08     0.0
     96      2.0      0.005      0.006     0.0001    15.0000    2.3087e+08     0.0

  Completed in 0.2s (450 steps/s)


======================================================================
SUMMARY
======================================================================
  Resolution:  C8 x 10L (384 columns)
  Duration:    2.0 days (96 steps, dt=1800s)
  Physics:     A_h=1e+07, K_h=1e+06, A_v=1e-02, K_v=1e-03
  Runtime checks: False

  --- stommel_gyre ---
    SSH range:        [-0.0019, 0.0041] m
    Max current:      0.0865 m/s
    SST range:        [15.00, 15.00] degC
    Mean SST:         15.0000 degC
    Kinetic energy:   6.9754e+12
    Heat drift rel:   -4.17e-07
    Salt drift rel:   -8.94e-08
    Mean eta drift:   7.43e-10 m
    All finite:       True
    Land cells zero:  True

  --- baroclinic_adjustment ---
    SSH range:        [-3.5590, 2.2042] m
    Max current:      0.4370 m/s
    SST range:        [10.01, 20.01] degC
    Mean SST:         17.4350 degC
    Kinetic energy:   1.5203e+16
    Heat drift rel:   -5.37e-07
    Salt drift rel:   -6.26e-07
    Mean eta drift:   -2.71e-07 m
    All finite:       True
    Land cells zero:  True

  --- kelvin_wave ---
    SSH range:        [0.0052, 0.0060] m
    Max current:      0.0001 m/s
    SST range:        [15.00, 15.00] degC
    Mean SST:         15.0000 degC
    Kinetic energy:   2.3087e+08
    Heat drift rel:   -9.38e-07
    Salt drift rel:   -7.15e-07
    Mean eta drift:   2.41e-08 m
    All finite:       True
    Land cells zero:  True

  Output: results/_smoke_ocean_regression_realistic_corr8/runs/ocean_realistic_C8_L10/
    stommel_gyre/
    baroclinic_adjustment/
    kelvin_wave/
======================================================================
