\BOOKMARK [1][-]{section.1}{\376\377\000I\000n\000t\000r\000o\000d\000u\000c\000t\000i\000o\000n}{}% 1
\BOOKMARK [1][-]{section.2}{\376\377\000G\000r\000i\000d\000\040\000S\000y\000s\000t\000e\000m\000s}{}% 2
\BOOKMARK [2][-]{subsection.2.1}{\376\377\000C\000u\000b\000e\000d\000-\000S\000p\000h\000e\000r\000e\000\040\000G\000r\000i\000d}{section.2}% 3
\BOOKMARK [3][-]{subsubsection.2.1.1}{\376\377\000F\000a\000c\000e\000-\000t\000o\000-\000C\000a\000r\000t\000e\000s\000i\000a\000n\000\040\000m\000a\000p\000p\000i\000n\000g}{subsection.2.1}% 4
\BOOKMARK [3][-]{subsubsection.2.1.2}{\376\377\000C\000e\000l\000l\000\040\000a\000r\000e\000a}{subsection.2.1}% 5
\BOOKMARK [3][-]{subsubsection.2.1.3}{\376\377\000G\000r\000i\000d\000\040\000s\000p\000a\000c\000i\000n\000g}{subsection.2.1}% 6
\BOOKMARK [3][-]{subsubsection.2.1.4}{\376\377\000G\000r\000i\000d\000\040\000a\000n\000g\000l\000e\000\040\000a\000n\000d\000\040\000w\000i\000n\000d\000\040\000r\000o\000t\000a\000t\000i\000o\000n}{subsection.2.1}% 7
\BOOKMARK [3][-]{subsubsection.2.1.5}{\376\377\000H\000a\000l\000o\000\040\000e\000x\000c\000h\000a\000n\000g\000e}{subsection.2.1}% 8
\BOOKMARK [2][-]{subsection.2.2}{\376\377\000G\000a\000u\000s\000s\000i\000a\000n\000\040\000G\000r\000i\000d\000\040\000a\000n\000d\000\040\000S\000p\000e\000c\000t\000r\000a\000l\000\040\000T\000r\000a\000n\000s\000f\000o\000r\000m\000s}{section.2}% 9
\BOOKMARK [3][-]{subsubsection.2.2.1}{\376\377\000G\000r\000i\000d\000\040\000d\000i\000m\000e\000n\000s\000i\000o\000n\000s}{subsection.2.2}% 10
\BOOKMARK [3][-]{subsubsection.2.2.2}{\376\377\000A\000s\000s\000o\000c\000i\000a\000t\000e\000d\000\040\000L\000e\000g\000e\000n\000d\000r\000e\000\040\000p\000o\000l\000y\000n\000o\000m\000i\000a\000l\000s}{subsection.2.2}% 11
\BOOKMARK [3][-]{subsubsection.2.2.3}{\376\377\000S\000p\000h\000e\000r\000i\000c\000a\000l\000\040\000h\000a\000r\000m\000o\000n\000i\000c\000\040\000t\000r\000a\000n\000s\000f\000o\000r\000m\000s}{subsection.2.2}% 12
\BOOKMARK [3][-]{subsubsection.2.2.4}{\376\377\000S\000p\000e\000c\000t\000r\000a\000l\000\040\000o\000p\000e\000r\000a\000t\000o\000r\000s}{subsection.2.2}% 13
\BOOKMARK [3][-]{subsubsection.2.2.5}{\376\377\000V\000e\000l\000o\000c\000i\000t\000y\000\040\000f\000r\000o\000m\000\040\000v\000o\000r\000t\000i\000c\000i\000t\000y\000\040\000a\000n\000d\000\040\000d\000i\000v\000e\000r\000g\000e\000n\000c\000e}{subsection.2.2}% 14
\BOOKMARK [2][-]{subsection.2.3}{\376\377\000S\000i\000g\000m\000a\000\040\000V\000e\000r\000t\000i\000c\000a\000l\000\040\000C\000o\000o\000r\000d\000i\000n\000a\000t\000e}{section.2}% 15
\BOOKMARK [3][-]{subsubsection.2.3.1}{\376\377\000S\000i\000m\000m\000o\000n\000s\040\023\000B\000u\000r\000r\000i\000d\000g\000e\000\040\000g\000e\000o\000p\000o\000t\000e\000n\000t\000i\000a\000l}{subsection.2.3}% 16
\BOOKMARK [3][-]{subsubsection.2.3.2}{\376\377\000S\000i\000g\000m\000a\000-\000d\000o\000t}{subsection.2.3}% 17
\BOOKMARK [3][-]{subsubsection.2.3.3}{\376\377\000P\000r\000e\000s\000s\000u\000r\000e\000\040\000v\000e\000l\000o\000c\000i\000t\000y}{subsection.2.3}% 18
\BOOKMARK [2][-]{subsection.2.4}{\376\377\000H\000e\000i\000g\000h\000t\000\040\000a\000n\000d\000\040\000z\000*\000\040\000C\000o\000o\000r\000d\000i\000n\000a\000t\000e\000s}{section.2}% 19
\BOOKMARK [1][-]{section.3}{\376\377\000C\000o\000r\000e\000\040\000O\000p\000e\000r\000a\000t\000o\000r\000s}{}% 20
\BOOKMARK [2][-]{subsection.3.1}{\376\377\000G\000r\000a\000d\000i\000e\000n\000t}{section.3}% 21
\BOOKMARK [2][-]{subsection.3.2}{\376\377\000D\000i\000v\000e\000r\000g\000e\000n\000c\000e\000\040\000\050\000f\000l\000u\000x\000\040\000f\000o\000r\000m\000\051}{section.3}% 22
\BOOKMARK [2][-]{subsection.3.3}{\376\377\000V\000o\000r\000t\000i\000c\000i\000t\000y}{section.3}% 23
\BOOKMARK [2][-]{subsection.3.4}{\376\377\000L\000a\000p\000l\000a\000c\000i\000a\000n\000\040\000a\000n\000d\000\040\000H\000y\000p\000e\000r\000d\000i\000f\000f\000u\000s\000i\000o\000n}{section.3}% 24
\BOOKMARK [1][-]{section.4}{\376\377\000F\000i\000n\000i\000t\000e\000-\000V\000o\000l\000u\000m\000e\000\040\000T\000r\000a\000n\000s\000p\000o\000r\000t}{}% 25
\BOOKMARK [2][-]{subsection.4.1}{\376\377\000M\000U\000S\000C\000L\000\040\000R\000e\000c\000o\000n\000s\000t\000r\000u\000c\000t\000i\000o\000n\000\040\000\050\0002\000n\000d\000\040\000o\000r\000d\000e\000r\000,\000\040\000h\000a\000l\000o\000=\0001\000\051}{section.4}% 26
\BOOKMARK [2][-]{subsection.4.2}{\376\377\000P\000P\000M\000\040\000R\000e\000c\000o\000n\000s\000t\000r\000u\000c\000t\000i\000o\000n\000\040\000\050\0004\000t\000h\000\040\000o\000r\000d\000e\000r\000,\000\040\000h\000a\000l\000o\000=\0002\000\051}{section.4}% 27
\BOOKMARK [3][-]{subsubsection.4.2.1}{\376\377\000F\000o\000u\000r\000t\000h\000-\000o\000r\000d\000e\000r\000\040\000e\000d\000g\000e\000\040\000v\000a\000l\000u\000e\000s}{subsection.4.2}% 28
\BOOKMARK [3][-]{subsubsection.4.2.2}{\376\377\000M\000o\000n\000o\000t\000o\000n\000i\000c\000i\000t\000y\000\040\000c\000o\000n\000s\000t\000r\000a\000i\000n\000t}{subsection.4.2}% 29
\BOOKMARK [3][-]{subsubsection.4.2.3}{\376\377\000C\000o\000l\000e\000l\000l\000a\040\023\000W\000o\000o\000d\000w\000a\000r\000d\000\040\000l\000i\000m\000i\000t\000i\000n\000g}{subsection.4.2}% 30
\BOOKMARK [2][-]{subsection.4.3}{\376\377\000W\000E\000N\000O\0005\000\040\000R\000e\000c\000o\000n\000s\000t\000r\000u\000c\000t\000i\000o\000n\000\040\000\050\0005\000t\000h\000\040\000o\000r\000d\000e\000r\000,\000\040\000h\000a\000l\000o\000=\0002\000\051}{section.4}% 31
\BOOKMARK [3][-]{subsubsection.4.3.1}{\376\377\000L\000e\000f\000t\000-\000b\000i\000a\000s\000e\000d\000\040\000r\000e\000c\000o\000n\000s\000t\000r\000u\000c\000t\000i\000o\000n\000\040\000a\000t\000\040\000i\000+\000\040\0001\0002}{subsection.4.3}% 32
\BOOKMARK [3][-]{subsubsection.4.3.2}{\376\377\000S\000m\000o\000o\000t\000h\000n\000e\000s\000s\000\040\000i\000n\000d\000i\000c\000a\000t\000o\000r\000s}{subsection.4.3}% 33
\BOOKMARK [3][-]{subsubsection.4.3.3}{\376\377\000N\000o\000n\000l\000i\000n\000e\000a\000r\000\040\000w\000e\000i\000g\000h\000t\000s}{subsection.4.3}% 34
\BOOKMARK [3][-]{subsubsection.4.3.4}{\376\377\000R\000i\000g\000h\000t\000-\000b\000i\000a\000s\000e\000d\000\040\000r\000e\000c\000o\000n\000s\000t\000r\000u\000c\000t\000i\000o\000n}{subsection.4.3}% 35
\BOOKMARK [2][-]{subsection.4.4}{\376\377\000R\000u\000s\000a\000n\000o\000v\000\040\000F\000l\000u\000x}{section.4}% 36
\BOOKMARK [2][-]{subsection.4.5}{\376\377\000W\000e\000l\000l\000-\000b\000a\000l\000a\000n\000c\000e\000d\000\040\000s\000c\000h\000e\000m\000e}{section.4}% 37
\BOOKMARK [1][-]{section.5}{\376\377\000A\000t\000m\000o\000s\000p\000h\000e\000r\000i\000c\000\040\000D\000y\000n\000a\000m\000i\000c\000s}{}% 38
\BOOKMARK [2][-]{subsection.5.1}{\376\377\000S\000h\000a\000l\000l\000o\000w\000\040\000W\000a\000t\000e\000r\000\040\000E\000q\000u\000a\000t\000i\000o\000n\000s}{section.5}% 39
\BOOKMARK [2][-]{subsection.5.2}{\376\377\000H\000y\000d\000r\000o\000s\000t\000a\000t\000i\000c\000\040\000P\000r\000i\000m\000i\000t\000i\000v\000e\000\040\000E\000q\000u\000a\000t\000i\000o\000n\000s\000\040\000\050\000-\000c\000o\000o\000r\000d\000i\000n\000a\000t\000e\000s\000\051}{section.5}% 40
\BOOKMARK [2][-]{subsection.5.3}{\376\377\000S\000p\000e\000c\000t\000r\000a\000l\000\040\000P\000r\000i\000m\000i\000t\000i\000v\000e\000\040\000E\000q\000u\000a\000t\000i\000o\000n\000s\000\040\000\050\000V\000o\000r\000t\000i\000c\000i\000t\000y\040\023\000D\000i\000v\000e\000r\000g\000e\000n\000c\000e\000\051}{section.5}% 41
\BOOKMARK [2][-]{subsection.5.4}{\376\377\000N\000o\000n\000-\000H\000y\000d\000r\000o\000s\000t\000a\000t\000i\000c\000\040\000C\000o\000m\000p\000r\000e\000s\000s\000i\000b\000l\000e\000\040\000E\000u\000l\000e\000r\000\040\000E\000q\000u\000a\000t\000i\000o\000n\000s}{section.5}% 42
\BOOKMARK [3][-]{subsubsection.5.4.1}{\376\377\000S\000p\000l\000i\000t\000-\000e\000x\000p\000l\000i\000c\000i\000t\000\040\000t\000i\000m\000e\000\040\000i\000n\000t\000e\000g\000r\000a\000t\000i\000o\000n}{subsection.5.4}% 43
\BOOKMARK [3][-]{subsubsection.5.4.2}{\376\377\000S\000p\000o\000n\000g\000e\000\040\000l\000a\000y\000e\000r}{subsection.5.4}% 44
\BOOKMARK [1][-]{section.6}{\376\377\000A\000t\000m\000o\000s\000p\000h\000e\000r\000i\000c\000\040\000P\000h\000y\000s\000i\000c\000s}{}% 45
\BOOKMARK [2][-]{subsection.6.1}{\376\377\000G\000r\000a\000y\000\040\000R\000a\000d\000i\000a\000t\000i\000o\000n\000\040\000\050\000F\000r\000i\000e\000r\000s\000o\000n\000\040\0002\0000\0000\0006\000\051}{section.6}% 46
\BOOKMARK [3][-]{subsubsection.6.1.1}{\376\377\000L\000o\000n\000g\000w\000a\000v\000e\000\040\000o\000p\000t\000i\000c\000a\000l\000\040\000d\000e\000p\000t\000h}{subsection.6.1}% 47
\BOOKMARK [3][-]{subsubsection.6.1.2}{\376\377\000T\000w\000o\000-\000s\000t\000r\000e\000a\000m\000\040\000L\000W\000\040\000f\000l\000u\000x\000e\000s}{subsection.6.1}% 48
\BOOKMARK [3][-]{subsubsection.6.1.3}{\376\377\000S\000h\000o\000r\000t\000w\000a\000v\000e\000\040\000\050\000B\000e\000e\000r\040\023\000L\000a\000m\000b\000e\000r\000t\000\051}{subsection.6.1}% 49
\BOOKMARK [3][-]{subsubsection.6.1.4}{\376\377\000H\000e\000a\000t\000i\000n\000g\000\040\000r\000a\000t\000e}{subsection.6.1}% 50
\BOOKMARK [2][-]{subsection.6.2}{\376\377\000R\000R\000T\000M\000G\000P\000\040\000C\000o\000r\000r\000e\000l\000a\000t\000e\000d\000-\000k\000\040\000R\000a\000d\000i\000a\000t\000i\000o\000n}{section.6}% 51
\BOOKMARK [2][-]{subsection.6.3}{\376\377\000S\000B\000M\000\040\000C\000o\000n\000v\000e\000c\000t\000i\000o\000n\000\040\000\050\000F\000r\000i\000e\000r\000s\000o\000n\000\040\0002\0000\0000\0007\000\051}{section.6}% 52
\BOOKMARK [3][-]{subsubsection.6.3.1}{\376\377\000M\000o\000i\000s\000t\000\040\000a\000d\000i\000a\000b\000a\000t\000i\000c\000\040\000l\000a\000p\000s\000e\000\040\000r\000a\000t\000e}{subsection.6.3}% 53
\BOOKMARK [3][-]{subsubsection.6.3.2}{\376\377\000S\000a\000t\000u\000r\000a\000t\000i\000o\000n\000\040\000m\000i\000x\000i\000n\000g\000\040\000r\000a\000t\000i\000o\000\040\000\050\000T\000e\000t\000e\000n\000s\000\051}{subsection.6.3}% 54
\BOOKMARK [3][-]{subsubsection.6.3.3}{\376\377\000C\000A\000P\000E\000\040\000a\000n\000d\000\040\000t\000r\000i\000g\000g\000e\000r}{subsection.6.3}% 55
\BOOKMARK [3][-]{subsubsection.6.3.4}{\376\377\000E\000n\000t\000h\000a\000l\000p\000y\000-\000c\000o\000n\000s\000e\000r\000v\000i\000n\000g\000\040\000r\000e\000l\000a\000x\000a\000t\000i\000o\000n}{subsection.6.3}% 56
\BOOKMARK [3][-]{subsubsection.6.3.5}{\376\377\000P\000r\000e\000c\000i\000p\000i\000t\000a\000t\000i\000o\000n}{subsection.6.3}% 57
\BOOKMARK [2][-]{subsection.6.4}{\376\377\000H\000e\000l\000d\040\023\000S\000u\000a\000r\000e\000z\000\040\000F\000o\000r\000c\000i\000n\000g}{section.6}% 58
\BOOKMARK [3][-]{subsubsection.6.4.1}{\376\377\000E\000q\000u\000i\000l\000i\000b\000r\000i\000u\000m\000\040\000t\000e\000m\000p\000e\000r\000a\000t\000u\000r\000e}{subsection.6.4}% 59
\BOOKMARK [3][-]{subsubsection.6.4.2}{\376\377\000N\000e\000w\000t\000o\000n\000i\000a\000n\000\040\000r\000e\000l\000a\000x\000a\000t\000i\000o\000n}{subsection.6.4}% 60
\BOOKMARK [3][-]{subsubsection.6.4.3}{\376\377\000R\000a\000y\000l\000e\000i\000g\000h\000\040\000f\000r\000i\000c\000t\000i\000o\000n}{subsection.6.4}% 61
\BOOKMARK [2][-]{subsection.6.5}{\376\377\000L\000o\000u\000i\000s\000\040\000\050\0001\0009\0007\0009\000\051\000\040\000T\000u\000r\000b\000u\000l\000e\000n\000c\000e}{section.6}% 62
\BOOKMARK [3][-]{subsubsection.6.5.1}{\376\377\000M\000i\000x\000i\000n\000g\000\040\000l\000e\000n\000g\000t\000h}{subsection.6.5}% 63
\BOOKMARK [3][-]{subsubsection.6.5.2}{\376\377\000R\000i\000c\000h\000a\000r\000d\000s\000o\000n\000\040\000n\000u\000m\000b\000e\000r}{subsection.6.5}% 64
\BOOKMARK [3][-]{subsubsection.6.5.3}{\376\377\000S\000t\000a\000b\000i\000l\000i\000t\000y\000\040\000f\000u\000n\000c\000t\000i\000o\000n\000s}{subsection.6.5}% 65
\BOOKMARK [2][-]{subsection.6.6}{\376\377\000V\000e\000r\000t\000i\000c\000a\000l\000\040\000D\000i\000f\000f\000u\000s\000i\000o\000n\000\040\000\050\000I\000m\000p\000l\000i\000c\000i\000t\000\040\000T\000h\000o\000m\000a\000s\000\040\000A\000l\000g\000o\000r\000i\000t\000h\000m\000\051}{section.6}% 66
\BOOKMARK [2][-]{subsection.6.7}{\376\377\000S\000u\000r\000f\000a\000c\000e\000\040\000F\000l\000u\000x\000e\000s\000\040\000\050\000B\000u\000l\000k\000\040\000A\000e\000r\000o\000d\000y\000n\000a\000m\000i\000c\000\051}{section.6}% 67
\BOOKMARK [1][-]{section.7}{\376\377\000O\000c\000e\000a\000n\000\040\000D\000y\000n\000a\000m\000i\000c\000s}{}% 68
\BOOKMARK [2][-]{subsection.7.1}{\376\377\000B\000o\000u\000s\000s\000i\000n\000e\000s\000q\000\040\000H\000y\000d\000r\000o\000s\000t\000a\000t\000i\000c\000\040\000P\000r\000i\000m\000i\000t\000i\000v\000e\000\040\000E\000q\000u\000a\000t\000i\000o\000n\000s}{section.7}% 69
\BOOKMARK [3][-]{subsubsection.7.1.1}{\376\377\000T\000r\000a\000c\000e\000r\000\040\000e\000q\000u\000a\000t\000i\000o\000n\000s\000\040\000\050\000s\000k\000e\000w\000-\000s\000y\000m\000m\000e\000t\000r\000i\000c\000\051}{subsection.7.1}% 70
\BOOKMARK [3][-]{subsubsection.7.1.2}{\376\377\000F\000r\000e\000e\000-\000s\000u\000r\000f\000a\000c\000e\000\040\000e\000q\000u\000a\000t\000i\000o\000n}{subsection.7.1}% 71
\BOOKMARK [2][-]{subsection.7.2}{\376\377\000B\000a\000r\000o\000t\000r\000o\000p\000i\000c\000\040\000S\000o\000l\000v\000e\000r\000\040\000\050\000F\000o\000r\000w\000a\000r\000d\040\023\000B\000a\000c\000k\000w\000a\000r\000d\000,\000\040\000S\000e\000m\000i\000-\000I\000m\000p\000l\000i\000c\000i\000t\000\040\000C\000o\000r\000i\000o\000l\000i\000s\000\051}{section.7}% 72
\BOOKMARK [2][-]{subsection.7.3}{\376\377\000E\000q\000u\000a\000t\000i\000o\000n\000\040\000o\000f\000\040\000S\000t\000a\000t\000e\000\040\000\050\000W\000r\000i\000g\000h\000t\000\040\0001\0009\0009\0007\000\051}{section.7}% 73
\BOOKMARK [2][-]{subsection.7.4}{\376\377\000H\000y\000d\000r\000o\000s\000t\000a\000t\000i\000c\000\040\000P\000r\000e\000s\000s\000u\000r\000e\000\040\000a\000n\000d\000\040\000V\000e\000r\000t\000i\000c\000a\000l\000\040\000V\000e\000l\000o\000c\000i\000t\000y}{section.7}% 74
\BOOKMARK [1][-]{section.8}{\376\377\000T\000i\000m\000e\000\040\000I\000n\000t\000e\000g\000r\000a\000t\000i\000o\000n}{}% 75
\BOOKMARK [2][-]{subsection.8.1}{\376\377\000S\000S\000P\000-\000R\000K\0003\000\040\000\050\000S\000h\000u\040\023\000O\000s\000h\000e\000r\000\040\0001\0009\0008\0008\000\051}{section.8}% 76
\BOOKMARK [2][-]{subsection.8.2}{\376\377\000S\000p\000l\000i\000t\000-\000E\000x\000p\000l\000i\000c\000i\000t\000\040\000M\000e\000t\000h\000o\000d\000s}{section.8}% 77
\BOOKMARK [1][-]{section.9}{\376\377\000L\000a\000n\000d\000,\000\040\000I\000c\000e\000,\000\040\000a\000n\000d\000\040\000C\000o\000u\000p\000l\000e\000r}{}% 78
\BOOKMARK [2][-]{subsection.9.1}{\376\377\000S\000l\000a\000b\000\040\000L\000a\000n\000d\000\040\000M\000o\000d\000e\000l}{section.9}% 79
\BOOKMARK [3][-]{subsubsection.9.1.1}{\376\377\000E\000n\000e\000r\000g\000y\000\040\000b\000a\000l\000a\000n\000c\000e}{subsection.9.1}% 80
\BOOKMARK [3][-]{subsubsection.9.1.2}{\376\377\000B\000u\000c\000k\000e\000t\000\040\000h\000y\000d\000r\000o\000l\000o\000g\000y}{subsection.9.1}% 81
\BOOKMARK [2][-]{subsection.9.2}{\376\377\000S\000e\000a\000-\000I\000c\000e\000\040\000M\000o\000d\000e\000l}{section.9}% 82
\BOOKMARK [3][-]{subsubsection.9.2.1}{\376\377\000S\000u\000r\000f\000a\000c\000e\000\040\000t\000e\000m\000p\000e\000r\000a\000t\000u\000r\000e}{subsection.9.2}% 83
\BOOKMARK [3][-]{subsubsection.9.2.2}{\376\377\000G\000r\000o\000w\000t\000h\000\040\000a\000n\000d\000\040\000m\000e\000l\000t}{subsection.9.2}% 84
\BOOKMARK [3][-]{subsubsection.9.2.3}{\376\377\000C\000o\000n\000c\000e\000n\000t\000r\000a\000t\000i\000o\000n}{subsection.9.2}% 85
\BOOKMARK [2][-]{subsection.9.3}{\376\377\000T\000i\000l\000e\000\040\000C\000o\000u\000p\000l\000e\000r}{section.9}% 86
\BOOKMARK [1][-]{section.10}{\376\377\000M\000a\000c\000h\000i\000n\000e\000\040\000L\000e\000a\000r\000n\000i\000n\000g\000:\000\040\000S\000p\000h\000e\000r\000i\000c\000a\000l\000\040\000F\000o\000u\000r\000i\000e\000r\000\040\000N\000e\000u\000r\000a\000l\000\040\000O\000p\000e\000r\000a\000t\000o\000r}{}% 87
\BOOKMARK [2][-]{subsection.10.1}{\376\377\000A\000r\000c\000h\000i\000t\000e\000c\000t\000u\000r\000e}{section.10}% 88
\BOOKMARK [2][-]{subsection.10.2}{\376\377\000S\000p\000e\000c\000t\000r\000a\000l\000\040\000c\000o\000n\000v\000o\000l\000u\000t\000i\000o\000n}{section.10}% 89
\BOOKMARK [1][-]{section.11}{\376\377\000C\000o\000n\000s\000e\000r\000v\000a\000t\000i\000o\000n\000\040\000C\000o\000r\000r\000e\000c\000t\000i\000o\000n\000s}{}% 90
\BOOKMARK [2][-]{subsection.11.1}{\376\377\000A\000t\000m\000o\000s\000p\000h\000e\000r\000e}{section.11}% 91
\BOOKMARK [2][-]{subsection.11.2}{\376\377\000O\000c\000e\000a\000n}{section.11}% 92
\BOOKMARK [1][-]{section.12}{\376\377\000P\000h\000y\000s\000i\000c\000a\000l\000\040\000C\000o\000n\000s\000t\000a\000n\000t\000s}{}% 93
\BOOKMARK [1][-]{section.13}{\376\377\000R\000e\000f\000e\000r\000e\000n\000c\000e\000s}{}% 94
