$ /Users/pierregentine/legoESM/.venv/bin/python scripts/run_ocean_realistic.py --resolution 8 --levels 10 --dt 1800.0 --days 1.0 --test all --output results/_smoke_ocean_regression_x64_realistic_corr10/runs/ocean_realistic_C8_L10 --x64
/Users/pierregentine/.matplotlib is not a writable directory
Matplotlib created a temporary cache directory at /var/folders/s5/tl9gjtt171j2qmsz9xfyq3xc0000gn/T/matplotlib-vrum_fed because there was an issue with the default path (/Users/pierregentine/.matplotlib); it is highly recommended to set the MPLCONFIGDIR environment variable to a writable directory, in particular to speed up the import of Matplotlib and to better support multiprocessing.
Matplotlib is building the font cache; this may take a moment.
======================================================================
legoESM — Realistic Ocean Experiments
======================================================================
  Backend:      cpu
  Devices:      1
  Float dtype:  float64

Creating C8 cubed-sphere grid...
  Grid created in 3.1s
  Resolution: ~1251 km
  Total cells: 384

Creating ocean z-star coordinate (10 levels)...
  Surface dz: 52.4 m
  Bottom dz:  1047.6 m
  Total depth: 5500 m

  Physics parameters:
    Mean dx: 2310 km
    Horizontal viscosity A_h: 1.11e+07 m^2/s
    Horizontal diffusivity K_h: 1.11e+06 m^2/s
    Vertical viscosity A_v: 1.00e-02 m^2/s
    Vertical diffusivity K_v: 1.00e-03 m^2/s
    Hyperdiffusion: 1.58e+16
    Barotropic substeps: 30
    Barotropic wave speed: 232 m/s

  Integration: 1.0 days (48 steps, dt=1800s)

======================================================================
TEST 1: Stommel Wind-Driven Double Gyre
======================================================================
  Wind: tau_x = -0.1 * cos(pi*(lat-15.0)/60)
  Band: 15.0N to 75.0N
  SST: 15 degC (uniform, barotropic test)
  Warming up JIT... /Users/pierregentine/legoESM/.venv/lib/python3.14/site-packages/jax/_src/ops/scatter.py:104: FutureWarning: scatter inputs have incompatible types: cannot safely cast value from dtype=float64 to dtype=float32 with jax_numpy_dtype_promotion=standard. In future JAX releases this will result in an error.
  warnings.warn(
done (3.9s)

   Step      Day    SSH_min    SSH_max    |v|_max   SST_mean            KE    wall
--------------------------------------------------------------------------------
      1      0.0     -0.000      0.000     0.0033    15.0000    2.6374e+10     0.6
      2      0.0     -0.000      0.000     0.0067    15.0000    1.0433e+11     5.0
      3      0.1     -0.000      0.000     0.0099    15.0000    2.3125e+11     0.1
      4      0.1     -0.001      0.001     0.0131    15.0000    4.0331e+11     0.0
      5      0.1     -0.001      0.001     0.0161    15.0000    6.1561e+11     0.0
      6      0.1     -0.001      0.001     0.0188    15.0000    8.6223e+11     0.0
      7      0.1     -0.001      0.001     0.0216    15.0000    1.1365e+12     0.0
      8      0.2     -0.001      0.002     0.0244    15.0000    1.4310e+12     0.0
      9      0.2     -0.001      0.002     0.0271    15.0000    1.7384e+12     0.0
     10      0.2     -0.001      0.002     0.0297    15.0000    2.0508e+12     0.0
     11      0.2     -0.001      0.002     0.0322    15.0000    2.3611e+12     0.0
     12      0.2     -0.001      0.002     0.0347    15.0000    2.6622e+12     0.0
     13      0.3     -0.001      0.002     0.0370    15.0000    2.9483e+12     0.0
     14      0.3     -0.001      0.002     0.0393    15.0000    3.2141e+12     0.0
     15      0.3     -0.001      0.002     0.0414    15.0000    3.4560e+12     0.0
     16      0.3     -0.001      0.003     0.0435    15.0000    3.6711e+12     0.0
     17      0.4     -0.001      0.003     0.0454    15.0000    3.8584e+12     0.0
     18      0.4     -0.001      0.003     0.0473    15.0000    4.0178e+12     0.0
     19      0.4     -0.001      0.003     0.0490    15.0000    4.1506e+12     0.0
     20      0.4     -0.001      0.003     0.0506    15.0000    4.2592e+12     0.0
     21      0.4     -0.001      0.003     0.0521    15.0000    4.3467e+12     0.0
     22      0.5     -0.001      0.003     0.0535    15.0000    4.4171e+12     0.0
     23      0.5     -0.001      0.003     0.0547    15.0000    4.4745e+12     0.0
     24      0.5     -0.001      0.003     0.0559    15.0000    4.5231e+12     0.0
     25      0.5     -0.001      0.003     0.0569    15.0000    4.5669e+12     0.0
     26      0.5     -0.001      0.003     0.0578    15.0000    4.6095e+12     0.0
     27      0.6     -0.001      0.003     0.0586    15.0000    4.6534e+12     0.0
     28      0.6     -0.001      0.004     0.0593    15.0000    4.7004e+12     0.0
     29      0.6     -0.001      0.004     0.0599    15.0000    4.7512e+12     0.0
     30      0.6     -0.001      0.004     0.0603    15.0000    4.8051e+12     0.0
     31      0.6     -0.001      0.004     0.0606    15.0000    4.8606e+12     0.0
     32      0.7     -0.001      0.004     0.0609    15.0000    4.9148e+12     0.0
     33      0.7     -0.001      0.004     0.0610    15.0000    4.9642e+12     0.0
     34      0.7     -0.001      0.004     0.0610    15.0000    5.0044e+12     0.0
     35      0.7     -0.002      0.004     0.0609    15.0000    5.0308e+12     0.0
     36      0.8     -0.002      0.004     0.0606    15.0000    5.0386e+12     0.0
     37      0.8     -0.002      0.004     0.0603    15.0000    5.0234e+12     0.0
     38      0.8     -0.002      0.004     0.0599    15.0000    4.9814e+12     0.0
     39      0.8     -0.002      0.004     0.0594    15.0000    4.9096e+12     0.0
     40      0.8     -0.002      0.004     0.0589    15.0000    4.8064e+12     0.0
     41      0.9     -0.002      0.004     0.0582    15.0000    4.6718e+12     0.0
     42      0.9     -0.002      0.004     0.0575    15.0000    4.5071e+12     0.0
     43      0.9     -0.002      0.004     0.0567    15.0000    4.3154e+12     0.0
     44      0.9     -0.002      0.004     0.0558    15.0000    4.1015e+12     0.0
     45      0.9     -0.002      0.004     0.0549    15.0000    3.8716e+12     0.0
     46      1.0     -0.002      0.004     0.0539    15.0000    3.6333e+12     0.0
     47      1.0     -0.002      0.004     0.0529    15.0000    3.3950e+12     0.0
     48      1.0     -0.002      0.004     0.0519    15.0000    3.1658e+12     0.0

  Completed in 5.9s (8 steps/s)

======================================================================
TEST 2: Baroclinic Adjustment (Thermal Front)
======================================================================
  Front latitude: 30.0N (width 15.0 deg)
  South T: 20.0 degC, North T: 10.0 degC (depth-uniform)
  Density difference: ~2.19 kg/m^3
  Warming up JIT... /Users/pierregentine/legoESM/.venv/lib/python3.14/site-packages/jax/_src/ops/scatter.py:104: FutureWarning: scatter inputs have incompatible types: cannot safely cast value from dtype=float64 to dtype=float32 with jax_numpy_dtype_promotion=standard. In future JAX releases this will result in an error.
  warnings.warn(
done (5.5s)

   Step      Day    SSH_min    SSH_max    |v|_max   SST_mean            KE    wall
--------------------------------------------------------------------------------
      1      0.0     -0.198      0.127     0.0779    17.4256    4.2365e+14     0.0
      2      0.0     -0.519      0.302     0.1475    17.4257    1.5277e+15     6.7
      3      0.1     -0.921      0.480     0.2110    17.4258    3.1283e+15     0.0
      4      0.1     -1.368      0.644     0.2694    17.4259    5.0936e+15     0.0
      5      0.1     -1.830      0.783     0.3235    17.4260    7.3220e+15     0.0
      6      0.1     -2.286      0.932     0.3735    17.4262    9.7328e+15     0.0
      7      0.1     -2.718      1.086     0.4198    17.4264    1.2259e+16     0.0
      8      0.2     -3.115      1.214     0.4624    17.4266    1.4844e+16     0.0
      9      0.2     -3.469      1.316     0.5015    17.4268    1.7437e+16     0.0
     10      0.2     -3.776      1.391     0.5370    17.4271    1.9993e+16     0.0
     11      0.2     -4.033      1.440     0.5689    17.4274    2.2473e+16     0.0
     12      0.2     -4.240      1.522     0.5972    17.4278    2.4843e+16     0.0
     13      0.3     -4.398      1.583     0.6218    17.4281    2.7072e+16     0.0
     14      0.3     -4.510      1.624     0.6427    17.4284    2.9137e+16     0.0
     15      0.3     -4.578      1.694     0.6598    17.4288    3.1017e+16     0.0
     16      0.3     -4.606      1.753     0.6732    17.4291    3.2700e+16     0.0
     17      0.4     -4.598      1.794     0.6869    17.4295    3.4176e+16     0.0
     18      0.4     -4.559      1.851     0.7039    17.4298    3.5440e+16     0.0
     19      0.4     -4.537      1.931     0.7182    17.4301    3.6490e+16     0.0
     20      0.4     -4.512      1.995     0.7297    17.4304    3.7326e+16     0.0
     21      0.4     -4.500      2.035     0.7387    17.4307    3.7952e+16     0.0
     22      0.5     -4.466      2.050     0.7449    17.4309    3.8371e+16     0.0
     23      0.5     -4.409      2.041     0.7485    17.4311    3.8589e+16     0.0
     24      0.5     -4.335      2.025     0.7496    17.4313    3.8610e+16     0.0
     25      0.5     -4.247      2.007     0.7482    17.4314    3.8441e+16     0.0
     26      0.5     -4.151      1.968     0.7445    17.4316    3.8089e+16     0.0
     27      0.6     -4.052      1.909     0.7385    17.4317    3.7561e+16     0.0
     28      0.6     -3.952      1.870     0.7304    17.4317    3.6867e+16     0.0
     29      0.6     -3.855      1.853     0.7202    17.4317    3.6016e+16     0.0
     30      0.6     -3.765      1.826     0.7083    17.4317    3.5020e+16     0.0
     31      0.6     -3.682      1.790     0.6998    17.4317    3.3894e+16     0.0
     32      0.7     -3.634      1.752     0.6896    17.4317    3.2652e+16     0.0
     33      0.7     -3.597      1.718     0.6778    17.4316    3.1314e+16     0.0
     34      0.7     -3.567      1.684     0.6645    17.4315    2.9900e+16     0.0
     35      0.7     -3.541      1.703     0.6498    17.4314    2.8431e+16     0.0
     36      0.8     -3.517      1.727     0.6338    17.4313    2.6930e+16     0.0
     37      0.8     -3.496      1.759     0.6166    17.4312    2.5422e+16     0.0
     38      0.8     -3.477      1.790     0.5982    17.4311    2.3931e+16     0.0
     39      0.8     -3.460      1.820     0.5789    17.4310    2.2478e+16     0.0
     40      0.8     -3.443      1.848     0.5587    17.4309    2.1087e+16     0.0
     41      0.9     -3.425      1.875     0.5377    17.4309    1.9778e+16     0.0
     42      0.9     -3.407      1.900     0.5163    17.4308    1.8568e+16     0.0
     43      0.9     -3.389      1.922     0.4945    17.4307    1.7472e+16     0.0
     44      0.9     -3.372      1.942     0.4726    17.4307    1.6503e+16     0.0
     45      0.9     -3.357      1.960     0.4508    17.4307    1.5670e+16     0.0
     46      1.0     -3.354      1.977     0.4294    17.4307    1.4979e+16     0.0
     47      1.0     -3.358      1.991     0.4196    17.4307    1.4433e+16     0.0
     48      1.0     -3.362      2.003     0.4102    17.4307    1.4031e+16     0.0

  Completed in 6.9s (7 steps/s)

======================================================================
TEST 3: Equatorial Kelvin Wave
======================================================================
  Perturbation: 0.5 m SSH at (240E, 0N)
  Gaussian width: sigma_lon=15deg, sigma_lat=5deg
  Barotropic wave speed: 232 m/s
  Equatorial crossing time: 1.0 days
  SST: 15 degC (uniform, barotropic test)
  Warming up JIT... /Users/pierregentine/legoESM/.venv/lib/python3.14/site-packages/jax/_src/ops/scatter.py:104: FutureWarning: scatter inputs have incompatible types: cannot safely cast value from dtype=float64 to dtype=float32 with jax_numpy_dtype_promotion=standard. In future JAX releases this will result in an error.
  warnings.warn(
done (6.9s)

   Step      Day    SSH_min    SSH_max    |v|_max   SST_mean            KE    wall
--------------------------------------------------------------------------------
      1      0.0      0.000      0.195     0.0016    15.0000    1.1639e+11     0.0
      2      0.0      0.000      0.128     0.0020    15.0000    2.1701e+11    12.1
      3      0.1     -0.000      0.086     0.0020    15.0000    2.6350e+11     0.0
      4      0.1     -0.000      0.058     0.0017    15.0000    2.7568e+11     0.0
      5      0.1     -0.000      0.040     0.0015    15.0000    2.6737e+11     0.0
      6      0.1     -0.000      0.032     0.0013    15.0000    2.4820e+11     0.0
      7      0.1     -0.000      0.029     0.0012    15.0000    2.2514e+11     0.0
      8      0.2     -0.000      0.028     0.0011    15.0000    2.0269e+11     0.0
      9      0.2     -0.000      0.025     0.0010    15.0000    1.8311e+11     0.0
     10      0.2     -0.000      0.022     0.0009    15.0000    1.6693e+11     0.0
     11      0.2     -0.000      0.019     0.0009    15.0000    1.5361e+11     0.0
     12      0.2     -0.000      0.019     0.0008    15.0000    1.4216e+11     0.0
     13      0.3     -0.000      0.019     0.0008    15.0000    1.3165e+11     0.0
     14      0.3     -0.000      0.019     0.0007    15.0000    1.2140e+11     0.0
     15      0.3      0.000      0.019     0.0007    15.0000    1.1107e+11     0.0
     16      0.3      0.000      0.019     0.0007    15.0000    1.0065e+11     0.0
     17      0.4      0.000      0.019     0.0007    15.0000    9.0307e+10     0.0
     18      0.4      0.000      0.018     0.0007    15.0000    8.0285e+10     0.0
     19      0.4     -0.000      0.018     0.0006    15.0000    7.0829e+10     0.0
     20      0.4      0.000      0.018     0.0006    15.0000    6.2115e+10     0.0
     21      0.4      0.000      0.017     0.0006    15.0000    5.4239e+10     0.0
     22      0.5      0.001      0.017     0.0005    15.0000    4.7230e+10     0.0
     23      0.5      0.002      0.016     0.0005    15.0000    4.1068e+10     0.0
     24      0.5      0.002      0.016     0.0005    15.0000    3.5712e+10     0.0
     25      0.5      0.002      0.015     0.0004    15.0000    3.1119e+10     0.0
     26      0.5      0.002      0.015     0.0004    15.0000    2.7245e+10     0.0
     27      0.6      0.002      0.015     0.0004    15.0000    2.4050e+10     0.0
     28      0.6      0.002      0.014     0.0004    15.0000    2.1489e+10     0.0
     29      0.6      0.002      0.014     0.0003    15.0000    1.9501e+10     0.0
     30      0.6      0.002      0.013     0.0003    15.0000    1.8008e+10     0.0
     31      0.6      0.002      0.013     0.0003    15.0000    1.6917e+10     0.0
     32      0.7      0.002      0.012     0.0003    15.0000    1.6124e+10     0.0
     33      0.7      0.002      0.012     0.0003    15.0000    1.5522e+10     0.0
     34      0.7      0.003      0.011     0.0003    15.0000    1.5015e+10     0.0
     35      0.7      0.003      0.011     0.0003    15.0000    1.4524e+10     0.0
     36      0.8      0.003      0.011     0.0003    15.0000    1.3992e+10     0.0
     37      0.8      0.003      0.010     0.0003    15.0000    1.3387e+10     0.0
     38      0.8      0.003      0.010     0.0003    15.0000    1.2697e+10     0.0
     39      0.8      0.004      0.010     0.0003    15.0000    1.1928e+10     0.0
     40      0.8      0.004      0.010     0.0003    15.0000    1.1095e+10     0.0
     41      0.9      0.004      0.009     0.0002    15.0000    1.0221e+10     0.0
     42      0.9      0.004      0.009     0.0002    15.0000    9.3278e+09     0.0
     43      0.9      0.004      0.009     0.0002    15.0000    8.4379e+09     0.0
     44      0.9      0.004      0.009     0.0002    15.0000    7.5708e+09     0.0
     45      0.9      0.004      0.009     0.0002    15.0000    6.7434e+09     0.0
     46      1.0      0.004      0.009     0.0002    15.0000    5.9694e+09     0.0
     47      1.0      0.004      0.009     0.0002    15.0000    5.2602e+09     0.0
     48      1.0      0.004      0.009     0.0002    15.0000    4.6243e+09     0.0

  Completed in 12.6s (4 steps/s)


======================================================================
SUMMARY
======================================================================
  Resolution:  C8 x 10L (384 columns)
  Duration:    1.0 days (48 steps, dt=1800s)
  Physics:     A_h=1e+07, K_h=1e+06, A_v=1e-02, K_v=1e-03
  Runtime checks: False

  --- stommel_gyre ---
    SSH range:        [-0.0017, 0.0039] m
    Max current:      0.0519 m/s
    SST range:        [15.00, 15.00] degC
    Mean SST:         15.0000 degC
    Kinetic energy:   3.1658e+12
    Heat drift rel:   2.40e-08
    Salt drift rel:   2.40e-08
    Mean eta drift:   4.78e-10 m
    All finite:       True
    Land cells zero:  True

  --- baroclinic_adjustment ---
    SSH range:        [-3.3622, 2.0033] m
    Max current:      0.4102 m/s
    SST range:        [10.00, 20.00] degC
    Mean SST:         17.4307 degC
    Kinetic energy:   1.4031e+16
    Heat drift rel:   2.55e-08
    Salt drift rel:   2.60e-08
    Mean eta drift:   1.56e-07 m
    All finite:       True
    Land cells zero:  True

  --- kelvin_wave ---
    SSH range:        [0.0040, 0.0089] m
    Max current:      0.0002 m/s
    SST range:        [15.00, 15.00] degC
    Mean SST:         15.0000 degC
    Kinetic energy:   4.6243e+09
    Heat drift rel:   3.51e-08
    Salt drift rel:   3.51e-08
    Mean eta drift:   6.67e-09 m
    All finite:       True
    Land cells zero:  True

  Output: results/_smoke_ocean_regression_x64_realistic_corr10/runs/ocean_realistic_C8_L10/
    stommel_gyre/
    baroclinic_adjustment/
    kelvin_wave/
======================================================================
