$ /Users/pierregentine/legoESM/.venv/bin/python scripts/run_ocean_realistic.py --resolution 8 --levels 10 --dt 1800.0 --days 10.0 --test all --output results/_smoke_ocean_regression_x64_realistic_corr12/runs/ocean_realistic_C8_L10 --runtime-checks --x64
======================================================================
legoESM — Realistic Ocean Experiments
======================================================================
  Backend:      cpu
  Devices:      1
  Float dtype:  float64

Creating C8 cubed-sphere grid...
  Grid created in 1.2s
  Resolution: ~1251 km
  Total cells: 384

Creating ocean z-star coordinate (10 levels)...
  Surface dz: 52.4 m
  Bottom dz:  1047.6 m
  Total depth: 5500 m

  Physics parameters:
    Mean dx: 2310 km
    Horizontal viscosity A_h: 1.11e+07 m^2/s
    Horizontal diffusivity K_h: 1.11e+06 m^2/s
    Vertical viscosity A_v: 1.00e-02 m^2/s
    Vertical diffusivity K_v: 1.00e-03 m^2/s
    Hyperdiffusion: 1.58e+16
    Barotropic substeps: 30
    Barotropic wave speed: 232 m/s

  Integration: 10.0 days (480 steps, dt=1800s)

======================================================================
TEST 1: Stommel Wind-Driven Double Gyre
======================================================================
  Wind: tau_x = -0.1 * cos(pi*(lat-15.0)/60)
  Band: 15.0N to 75.0N
  SST: 15 degC (uniform, barotropic test)
  Warming up JIT... done (2.3s)

   Step      Day    SSH_min    SSH_max    |v|_max   SST_mean            KE    wall
--------------------------------------------------------------------------------
      9      0.2     -0.001      0.002     0.0271    15.0000    1.7383e+12     0.0
     18      0.4     -0.001      0.003     0.0473    15.0000    4.0176e+12     0.0
     27      0.6     -0.001      0.003     0.0586    15.0000    4.6533e+12     0.0
     36      0.8     -0.002      0.004     0.0606    15.0000    5.0385e+12     0.0
     45      0.9     -0.002      0.004     0.0549    15.0000    3.8713e+12     0.0
     54      1.1     -0.002      0.004     0.0452    15.0000    2.4486e+12     0.0
     63      1.3     -0.002      0.004     0.0515    15.0000    4.0679e+12     0.0
     72      1.5     -0.002      0.004     0.0508    15.0000    4.5022e+12     0.0
     81      1.7     -0.002      0.004     0.0606    15.0000    3.8370e+12     0.0
     90      1.9     -0.002      0.004     0.0762    15.0000    6.2686e+12     0.0
     99      2.1     -0.002      0.004     0.0911    15.0000    6.6798e+12     0.0
    108      2.2     -0.002      0.004     0.1077    15.0000    7.0443e+12     0.0
    117      2.4     -0.002      0.004     0.1304    15.0000    1.1265e+13     0.0
    126      2.6     -0.002      0.004     0.1526    15.0000    1.2043e+13     0.0
    135      2.8     -0.002      0.004     0.1795    15.0000    1.5258e+13     0.0
    144      3.0     -0.002      0.004     0.2131    15.0000    2.2835e+13     0.0
    153      3.2     -0.002      0.004     0.2477    15.0000    2.5735e+13     0.0
    162      3.4     -0.002      0.004     0.2909    15.0000    3.6326e+13     0.0
    171      3.6     -0.002      0.004     0.3419    15.0000    5.1333e+13     0.0
    180      3.8     -0.002      0.004     0.3976    15.0000    6.2801e+13     0.0
    189      3.9     -0.002      0.004     0.4666    15.0000    9.1816e+13     0.0
    198      4.1     -0.002      0.004     0.5463    15.0000    1.2533e+14     0.0
    207      4.3     -0.002      0.004     0.6368    15.0000    1.6410e+14     0.0
    216      4.5     -0.002      0.004     0.7476    15.0000    2.3905e+14     0.0
    225      4.7     -0.002      0.004     0.8743    15.0000    3.2375e+14     0.0
    234      4.9     -0.002      0.004     1.0222    15.0000    4.4307e+14     0.0
    243      5.1     -0.002      0.004     1.2001    15.0000    6.3640e+14     0.0
    252      5.2     -0.002      0.004     1.4036    15.0000    8.6793e+14     0.0
    261      5.4     -0.002      0.004     1.6462    15.0000    1.2159e+15     0.0
    270      5.6     -0.002      0.004     1.9317    15.0000    1.7268e+15     0.0
    279      5.8     -0.002      0.004     2.2645    15.0000    2.3839e+15     0.0
    288      6.0     -0.002      0.005     2.6584    15.0000    3.3736e+15     0.0
    297      6.2     -0.002      0.005     3.1213    15.0000    4.7655e+15     0.0
    306      6.4     -0.002      0.005     3.6657    15.0000    6.6556e+15     0.0
    315      6.6     -0.002      0.008     4.3022    15.0000    9.4554e+15     0.0
    324      6.8     -0.004      0.007     5.0662    15.0000    1.3352e+16     0.0
    333      6.9     -0.006      0.010     5.9444    15.0000    1.8826e+16     0.0
    342      7.1     -0.010      0.015     7.0066    15.0000    2.6805e+16     0.0
    351      7.3     -0.015      0.016     8.2402    15.0000    3.7984e+16     0.0
    360      7.5     -0.021      0.022     9.6936    15.0000    5.3972e+16     0.0
    369      7.7     -0.032      0.032    11.4440    15.0000    7.7094e+16     0.0
    378      7.9     -0.047      0.041    13.4176    15.0000    1.0990e+17     0.0
    387      8.1     -0.066      0.061    15.9181    15.0000    1.5732e+17     0.0
    396      8.2     -0.092      0.084    18.6928    15.0000    2.2601e+17     0.0
    405      8.4     -0.146      0.117    22.1805    15.0000    3.2487e+17     0.0
    414      8.6     -0.187      0.172    26.2013    15.0000    4.6940e+17     0.0
    423      8.8     -0.294      0.232    30.9540    15.0000    6.8070e+17     0.0
    432      9.0     -0.429      0.319    36.9456    15.0000    9.9071e+17     0.0
    441      9.2     -0.569      0.515    43.2501    15.0000    1.4515e+18     0.0
    450      9.4     -0.925      0.720    52.5053    15.0000    2.1394e+18     0.0
    459      9.6     -1.266      0.985    61.8496    15.0000    3.1796e+18     0.0
    468      9.8     -1.890      1.645    75.4430    15.0000    4.7724e+18     0.0
    477      9.9     -2.850      2.321    90.9970    15.0000    7.2596e+18     0.0
    480     10.0     -3.398      2.564    96.9318    15.0000    8.3752e+18     0.0

  Completed in 0.4s (1095 steps/s)

======================================================================
TEST 2: Baroclinic Adjustment (Thermal Front)
======================================================================
  Front latitude: 30.0N (width 15.0 deg)
  South T: 20.0 degC, North T: 10.0 degC (depth-uniform)
  Density difference: ~2.19 kg/m^3
  Warming up JIT... done (2.3s)

   Step      Day    SSH_min    SSH_max    |v|_max   SST_mean            KE    wall
--------------------------------------------------------------------------------
      9      0.2     -3.469      1.316     0.5015    17.4268    1.7437e+16     0.0
     18      0.4     -4.559      1.851     0.7039    17.4298    3.5440e+16     0.0
     27      0.6     -4.052      1.909     0.7385    17.4316    3.7561e+16     0.0
     36      0.8     -3.517      1.727     0.6338    17.4313    2.6930e+16     0.0
     45      0.9     -3.357      1.960     0.4508    17.4307    1.5670e+16     0.0
     54      1.1     -3.406      2.056     0.3679    17.4312    1.4276e+16     0.0
     63      1.3     -3.655      2.105     0.5072    17.4326    1.8248e+16     0.0
     72      1.5     -3.685      2.146     0.5049    17.4334    1.8667e+16     0.0
     81      1.7     -3.602      2.182     0.4978    17.4339    1.5841e+16     0.0
     90      1.9     -3.564      2.199     0.4616    17.4345    1.4741e+16     0.0
     99      2.1     -3.559      2.207     0.4305    17.4353    1.5439e+16     0.0
    108      2.2     -3.559      2.212     0.4307    17.4359    1.5284e+16     0.0
    117      2.4     -3.554      2.214     0.4341    17.4365    1.4626e+16     0.0
    126      2.6     -3.545      2.215     0.4286    17.4372    1.4921e+16     0.0
    135      2.8     -3.535      2.215     0.4281    17.4379    1.5431e+16     0.0
    144      3.0     -3.524      2.213     0.4330    17.4385    1.5085e+16     0.0
    153      3.2     -3.515      2.211     0.4301    17.4390    1.4412e+16     0.0
    162      3.4     -3.506      2.209     0.4191    17.4396    1.4241e+16     0.0
    171      3.6     -3.497      2.206     0.4121    17.4402    1.4611e+16     0.0
    180      3.8     -3.488      2.204     0.4140    17.4409    1.5020e+16     0.0
    189      3.9     -3.479      2.201     0.4174    17.4415    1.4999e+16     0.0
    198      4.1     -3.470      2.198     0.4143    17.4420    1.4760e+16     0.0
    207      4.3     -3.461      2.195     0.4070    17.4425    1.4864e+16     0.0
    216      4.5     -3.452      2.193     0.4027    17.4432    1.5283e+16     0.0
    225      4.7     -3.443      2.190     0.4026    17.4437    1.5639e+16     0.0
    234      4.9     -3.434      2.187     0.4017    17.4442    1.5959e+16     0.0
    243      5.1     -3.425      2.184     0.4198    17.4448    1.6583e+16     0.0
    252      5.2     -3.416      2.181     0.4971    17.4454    1.7574e+16     0.0
    261      5.4     -3.408      2.178     0.5720    17.4459    1.8846e+16     0.0
    270      5.6     -3.398      2.176     0.6966    17.4465    2.0690e+16     0.0
    279      5.8     -3.389      2.173     0.8183    17.4471    2.3366e+16     0.0
    288      6.0     -3.382      2.170     0.9632    17.4476    2.7146e+16     0.0
    297      6.2     -3.376      2.167     1.1638    17.4481    3.2691e+16     0.0
    306      6.4     -3.368      2.165     1.3693    17.4486    4.0495e+16     0.0
    315      6.6     -3.360      2.162     1.6321    17.4491    5.1675e+16     0.0
    324      6.8     -3.365      2.159     1.9595    17.4498    6.8059e+16     0.0
    333      6.9     -3.360      2.156     2.3163    17.4503    9.1126e+16     0.0
    342      7.1     -3.334      2.154     2.7774    17.4508    1.2426e+17     0.0
    351      7.3     -3.355      2.151     3.3335    17.4513    1.7220e+17     0.0
    360      7.5     -3.370      2.148     3.9530    17.4518    2.3994e+17     0.0
    369      7.7     -3.339      2.146     4.7434    17.4524    3.3731e+17     0.0
    378      7.9     -3.321      2.144     5.6878    17.4529    4.7694e+17     0.0
    387      8.1     -3.404      2.141     6.7490    17.4534    6.7481e+17     0.0
    396      8.2     -3.445      2.139     8.1128    17.4540    9.5855e+17     0.0
    405      8.4     -3.584      2.137     9.7096    17.4545    1.3631e+18     0.0
    414      8.6     -3.761      2.137    11.5101    17.4549    1.9371e+18     0.0
    423      8.8     -4.032      2.133    13.8886    17.4555    2.7569e+18     0.0
    432      9.0     -4.570      2.129    16.5504    17.4561    3.9197e+18     0.0
    441      9.2     -4.940      2.139    19.7250    17.4565    5.5671e+18     0.0
    450      9.4     -6.042      2.132    23.8037    17.4572    7.9035e+18     0.0
    459      9.6     -7.054      2.120    28.3884    17.4576    1.1197e+19     0.0
    468      9.8     -8.973      2.156    33.8649    17.4579    1.5833e+19     0.0
    477      9.9    -11.442      2.145    40.7488    17.4587    2.2335e+19     0.0
    480     10.0    -12.589      2.138    42.9996    17.4589    2.5035e+19     0.0

  Completed in 0.7s (701 steps/s)

======================================================================
TEST 3: Equatorial Kelvin Wave
======================================================================
  Perturbation: 0.5 m SSH at (240E, 0N)
  Gaussian width: sigma_lon=15deg, sigma_lat=5deg
  Barotropic wave speed: 232 m/s
  Equatorial crossing time: 1.0 days
  SST: 15 degC (uniform, barotropic test)
  Warming up JIT... done (2.6s)

   Step      Day    SSH_min    SSH_max    |v|_max   SST_mean            KE    wall
--------------------------------------------------------------------------------
      9      0.2     -0.000      0.025     0.0010    15.0000    1.8320e+11     0.0
     18      0.4      0.000      0.018     0.0006    15.0000    8.0366e+10     0.0
     27      0.6      0.002      0.015     0.0004    15.0000    2.4101e+10     0.0
     36      0.8      0.003      0.011     0.0003    15.0000    1.4027e+10     0.0
     45      0.9      0.004      0.009     0.0002    15.0000    6.7498e+09     0.0
     54      1.1      0.004      0.008     0.0001    15.0000    2.3900e+09     0.0
     63      1.3      0.004      0.007     0.0001    15.0000    1.2387e+09     0.0
     72      1.5      0.005      0.007     0.0001    15.0000    6.1166e+08     0.0
     81      1.7      0.005      0.006     0.0000    15.0000    4.6744e+08     0.0
     90      1.9      0.005      0.006     0.0000    15.0000    2.9312e+08     0.0
     99      2.1      0.005      0.006     0.0001    15.0000    2.1721e+08     0.0
    108      2.2      0.005      0.006     0.0001    15.0000    1.9148e+08     0.0
    117      2.4      0.005      0.006     0.0001    15.0000    2.0598e+08     0.0
    126      2.6      0.005      0.006     0.0001    15.0000    2.4811e+08     0.0
    135      2.8      0.006      0.006     0.0001    15.0000    3.0759e+08     0.0
    144      3.0      0.006      0.006     0.0001    15.0000    3.9339e+08     0.0
    153      3.2      0.006      0.006     0.0001    15.0000    5.1529e+08     0.0
    162      3.4      0.006      0.006     0.0002    15.0000    6.8873e+08     0.0
    171      3.6      0.006      0.006     0.0002    15.0000    9.3533e+08     0.0
    180      3.8      0.006      0.006     0.0002    15.0000    1.2857e+09     0.0
    189      3.9      0.006      0.006     0.0003    15.0000    1.7840e+09     0.0
    198      4.1      0.006      0.006     0.0003    15.0000    2.4933e+09     0.0
    207      4.3      0.006      0.006     0.0004    15.0000    3.5038e+09     0.0
    216      4.5      0.006      0.006     0.0004    15.0000    4.9449e+09     0.0
    225      4.7      0.006      0.006     0.0005    15.0000    7.0017e+09     0.0
    234      4.9      0.006      0.006     0.0006    15.0000    9.9393e+09     0.0
    243      5.1      0.006      0.006     0.0007    15.0000    1.4138e+10     0.0
    252      5.2      0.006      0.006     0.0008    15.0000    2.0146e+10     0.0
    261      5.4      0.006      0.006     0.0010    15.0000    2.8746e+10     0.0
    270      5.6      0.006      0.006     0.0012    15.0000    4.1064e+10     0.0
    279      5.8      0.006      0.006     0.0014    15.0000    5.8715e+10     0.0
    288      6.0      0.006      0.006     0.0017    15.0000    8.4014e+10     0.0
    297      6.2      0.006      0.006     0.0020    15.0000    1.2028e+11     0.0
    306      6.4      0.006      0.006     0.0024    15.0000    1.7226e+11     0.0
    315      6.6      0.006      0.006     0.0028    15.0000    2.4676e+11     0.0
    324      6.8      0.006      0.006     0.0034    15.0000    3.5353e+11     0.0
    333      6.9      0.006      0.006     0.0040    15.0000    5.0654e+11     0.0
    342      7.1      0.006      0.006     0.0048    15.0000    7.2579e+11     0.0
    351      7.3      0.006      0.006     0.0058    15.0000    1.0399e+12     0.0
    360      7.5      0.006      0.006     0.0069    15.0000    1.4900e+12     0.0
    369      7.7      0.006      0.006     0.0082    15.0000    2.1347e+12     0.0
    378      7.9      0.006      0.006     0.0099    15.0000    3.0582e+12     0.0
    387      8.1      0.006      0.006     0.0118    15.0000    4.3811e+12     0.0
    396      8.2      0.006      0.006     0.0142    15.0000    6.2759e+12     0.0
    405      8.4      0.006      0.006     0.0169    15.0000    8.9901e+12     0.0
    414      8.6      0.006      0.006     0.0203    15.0000    1.2878e+13     0.0
    423      8.8      0.006      0.006     0.0243    15.0000    1.8446e+13     0.0
    432      9.0      0.006      0.006     0.0291    15.0000    2.6421e+13     0.0
    441      9.2      0.006      0.006     0.0348    15.0000    3.7845e+13     0.0
    450      9.4      0.006      0.006     0.0416    15.0000    5.4206e+13     0.0
    459      9.6      0.006      0.006     0.0498    15.0000    7.7640e+13     0.0
    468      9.8      0.006      0.006     0.0596    15.0000    1.1120e+14     0.0
    477      9.9      0.006      0.006     0.0713    15.0000    1.5928e+14     0.0
    480     10.0      0.006      0.006     0.0757    15.0000    1.7954e+14     0.0

  Completed in 0.4s (1155 steps/s)


======================================================================
SUMMARY
======================================================================
  Resolution:  C8 x 10L (384 columns)
  Duration:    10.0 days (480 steps, dt=1800s)
  Physics:     A_h=1e+07, K_h=1e+06, A_v=1e-02, K_v=1e-03
  Runtime checks: True

  --- stommel_gyre ---
    SSH range:        [-3.3976, 2.5637] m
    Max current:      96.9318 m/s
    SST range:        [15.00, 15.00] degC
    Mean SST:         15.0000 degC
    Kinetic energy:   8.3752e+18
    Heat drift rel:   0.00e+00
    Salt drift rel:   -2.50e-06
    Mean eta drift:   -3.01e-08 m
    All finite:       True
    Land cells zero:  True

  --- baroclinic_adjustment ---
    SSH range:        [-12.5890, 2.1381] m
    Max current:      42.9996 m/s
    SST range:        [10.03, 20.03] degC
    Mean SST:         17.4589 degC
    Kinetic energy:   2.5035e+19
    Heat drift rel:   1.79e-07
    Salt drift rel:   0.00e+00
    Mean eta drift:   -1.45e-06 m
    All finite:       True
    Land cells zero:  True

  --- kelvin_wave ---
    SSH range:        [0.0056, 0.0056] m
    Max current:      0.0757 m/s
    SST range:        [15.00, 15.00] degC
    Mean SST:         15.0000 degC
    Kinetic energy:   1.7954e+14
    Heat drift rel:   -1.04e-06
    Salt drift rel:   -3.57e-07
    Mean eta drift:   5.13e-10 m
    All finite:       True
    Land cells zero:  True

  Output: results/_smoke_ocean_regression_x64_realistic_corr12/runs/ocean_realistic_C8_L10/
    stommel_gyre/
    baroclinic_adjustment/
    kelvin_wave/
======================================================================
